Archive member included because of file (symbol)

/home/baioc/Applications/altera/nios2eds/bin/gnu/H-i686-pc-linux-gnu/bin/../lib/gcc/nios2-elf/4.1.2/../../../../nios2-elf/lib/mno-hw-mul/libsmallc.a(lib_a-puts.o)
                              obj/default/count.o (puts)
/home/baioc/Applications/altera/nios2eds/bin/gnu/H-i686-pc-linux-gnu/bin/../lib/gcc/nios2-elf/4.1.2/../../../../nios2-elf/lib/mno-hw-mul/libsmallc.a(lib_a-strlen.o)
                              /home/baioc/Applications/altera/nios2eds/bin/gnu/H-i686-pc-linux-gnu/bin/../lib/gcc/nios2-elf/4.1.2/../../../../nios2-elf/lib/mno-hw-mul/libsmallc.a(lib_a-puts.o) (strlen)
/home/baioc/Applications/altera/nios2eds/bin/gnu/H-i686-pc-linux-gnu/bin/../lib/gcc/nios2-elf/4.1.2/../../../../nios2-elf/lib/mno-hw-mul/libsmallc.a(lib_a-fvwrite_small_dev.o)
                              /home/baioc/Applications/altera/nios2eds/bin/gnu/H-i686-pc-linux-gnu/bin/../lib/gcc/nios2-elf/4.1.2/../../../../nios2-elf/lib/mno-hw-mul/libsmallc.a(lib_a-puts.o) (__sfvwrite_small_dev)
/home/baioc/Applications/altera/nios2eds/bin/gnu/H-i686-pc-linux-gnu/bin/../lib/gcc/nios2-elf/4.1.2/../../../../nios2-elf/lib/mno-hw-mul/libsmallc.a(lib_a-impure.o)
                              /home/baioc/Applications/altera/nios2eds/bin/gnu/H-i686-pc-linux-gnu/bin/../lib/gcc/nios2-elf/4.1.2/../../../../nios2-elf/lib/mno-hw-mul/libsmallc.a(lib_a-puts.o) (_impure_ptr)
/home/baioc/Applications/altera/nios2eds/bin/gnu/H-i686-pc-linux-gnu/bin/../lib/gcc/nios2-elf/4.1.2/../../../../nios2-elf/lib/mno-hw-mul/libsmallc.a(lib_a-writer.o)
                              /home/baioc/Applications/altera/nios2eds/bin/gnu/H-i686-pc-linux-gnu/bin/../lib/gcc/nios2-elf/4.1.2/../../../../nios2-elf/lib/mno-hw-mul/libsmallc.a(lib_a-fvwrite_small_dev.o) (_write_r)
/home/baioc/Applications/altera/nios2eds/bin/gnu/H-i686-pc-linux-gnu/bin/../lib/gcc/nios2-elf/4.1.2/../../../../nios2-elf/lib/mno-hw-mul/libsmallc.a(lib_a-int_errno.o)
                              /home/baioc/Applications/altera/nios2eds/bin/gnu/H-i686-pc-linux-gnu/bin/../lib/gcc/nios2-elf/4.1.2/../../../../nios2-elf/lib/mno-hw-mul/libsmallc.a(lib_a-writer.o) (errno)
../led_bsp//libhal_bsp.a(alt_load.o)
                              ../led_bsp//obj/HAL/src/crt0.o (alt_load)
../led_bsp//libhal_bsp.a(alt_main.o)
                              ../led_bsp//obj/HAL/src/crt0.o (alt_main)
../led_bsp//libhal_bsp.a(alt_usleep.o)
                              obj/default/count.o (usleep)
../led_bsp//libhal_bsp.a(alt_write.o)
                              /home/baioc/Applications/altera/nios2eds/bin/gnu/H-i686-pc-linux-gnu/bin/../lib/gcc/nios2-elf/4.1.2/../../../../nios2-elf/lib/mno-hw-mul/libsmallc.a(lib_a-writer.o) (write)
../led_bsp//libhal_bsp.a(alt_sys_init.o)
                              ../led_bsp//libhal_bsp.a(alt_main.o) (alt_sys_init)
../led_bsp//libhal_bsp.a(altera_avalon_jtag_uart_write.o)
                              ../led_bsp//libhal_bsp.a(alt_write.o) (altera_avalon_jtag_uart_write)
../led_bsp//libhal_bsp.a(alt_busy_sleep.o)
                              ../led_bsp//libhal_bsp.a(alt_usleep.o) (alt_busy_sleep)
../led_bsp//libhal_bsp.a(alt_dcache_flush_all.o)
                              ../led_bsp//libhal_bsp.a(alt_load.o) (alt_dcache_flush_all)
../led_bsp//libhal_bsp.a(alt_errno.o)
                              ../led_bsp//libhal_bsp.a(alt_write.o) (alt_errno)
../led_bsp//libhal_bsp.a(alt_icache_flush_all.o)
                              ../led_bsp//libhal_bsp.a(alt_load.o) (alt_icache_flush_all)
../led_bsp//libhal_bsp.a(altera_nios2_qsys_irq.o)
                              ../led_bsp//libhal_bsp.a(alt_sys_init.o) (altera_nios2_qsys_irq_init)
../led_bsp//libhal_bsp.a(alt_icache_flush.o)
                              ../led_bsp//libhal_bsp.a(alt_icache_flush_all.o) (alt_icache_flush)
/home/baioc/Applications/altera/nios2eds/bin/gnu/H-i686-pc-linux-gnu/bin/../lib/gcc/nios2-elf/4.1.2/mno-hw-mul/libgcc.a(lib2-divmod.o)
                              ../led_bsp//libhal_bsp.a(alt_busy_sleep.o) (__udivsi3)

Allocating common symbols
Common symbol       size              file

errno               0x4               /home/baioc/Applications/altera/nios2eds/bin/gnu/H-i686-pc-linux-gnu/bin/../lib/gcc/nios2-elf/4.1.2/../../../../nios2-elf/lib/mno-hw-mul/libsmallc.a(lib_a-int_errno.o)

Memory Configuration

Name             Origin             Length             Attributes
reset            0x00008000         0x00000020
onchip_mem_nios2 0x00008020         0x00004fe0
*default*        0x00000000         0xffffffff

Linker script and memory map

LOAD ../led_bsp//obj/HAL/src/crt0.o
                0x0000801c                exit = _exit
LOAD obj/default/count.o
LOAD /home/baioc/Applications/altera/nios2eds/bin/gnu/H-i686-pc-linux-gnu/bin/../lib/gcc/nios2-elf/4.1.2/../../../../nios2-elf/lib/mno-hw-mul/libstdc++.a
LOAD /home/baioc/Applications/altera/nios2eds/bin/gnu/H-i686-pc-linux-gnu/bin/../lib/gcc/nios2-elf/4.1.2/../../../../nios2-elf/lib/mno-hw-mul/libm.a
LOAD /home/baioc/Applications/altera/nios2eds/bin/gnu/H-i686-pc-linux-gnu/bin/../lib/gcc/nios2-elf/4.1.2/mno-hw-mul/libgcc.a
START GROUP
LOAD /home/baioc/Applications/altera/nios2eds/bin/gnu/H-i686-pc-linux-gnu/bin/../lib/gcc/nios2-elf/4.1.2/../../../../nios2-elf/lib/mno-hw-mul/libsmallc.a
LOAD /home/baioc/Applications/altera/nios2eds/bin/gnu/H-i686-pc-linux-gnu/bin/../lib/gcc/nios2-elf/4.1.2/mno-hw-mul/libgcc.a
LOAD ../led_bsp//libhal_bsp.a
END GROUP
LOAD /home/baioc/Applications/altera/nios2eds/bin/gnu/H-i686-pc-linux-gnu/bin/../lib/gcc/nios2-elf/4.1.2/mno-hw-mul/libgcc.a
                0x00008000                __alt_mem_onchip_mem_nios2 = 0x8000

.entry          0x00008000       0x20
 *(.entry)
 .entry         0x00008000       0x20 ../led_bsp//obj/HAL/src/crt0.o
                0x00008000                __reset
                0x0000801c                _exit

.exceptions     0x00008020        0x0
                0x00008020                PROVIDE (__ram_exceptions_start, ABSOLUTE (.))
                0x00008020                . = ALIGN (0x20)
 *(.irq)
 *(.exceptions.entry.label)
 *(.exceptions.entry.user)
 *(.exceptions.entry)
 *(.exceptions.irqtest.user)
 *(.exceptions.irqtest)
 *(.exceptions.irqhandler.user)
 *(.exceptions.irqhandler)
 *(.exceptions.irqreturn.user)
 *(.exceptions.irqreturn)
 *(.exceptions.notirq.label)
 *(.exceptions.notirq.user)
 *(.exceptions.notirq)
 *(.exceptions.soft.user)
 *(.exceptions.soft)
 *(.exceptions.unknown.user)
 *(.exceptions.unknown)
 *(.exceptions.exit.label)
 *(.exceptions.exit.user)
 *(.exceptions.exit)
 *(.exceptions)
                0x00008020                PROVIDE (__ram_exceptions_end, ABSOLUTE (.))
                0x00008020                PROVIDE (__flash_exceptions_start, LOADADDR (.exceptions))

.text           0x00008020      0x618
                0x00008020                PROVIDE (stext, ABSOLUTE (.))
 *(.interp)
 *(.hash)
 *(.dynsym)
 *(.dynstr)
 *(.gnu.version)
 *(.gnu.version_d)
 *(.gnu.version_r)
 *(.rel.init)
 *(.rela.init)
 *(.rel.text .rel.text.* .rel.gnu.linkonce.t.*)
 *(.rela.text .rela.text.* .rela.gnu.linkonce.t.*)
 *(.rel.fini)
 *(.rela.fini)
 *(.rel.rodata .rel.rodata.* .rel.gnu.linkonce.r.*)
 *(.rela.rodata .rela.rodata.* .rela.gnu.linkonce.r.*)
 *(.rel.data .rel.data.* .rel.gnu.linkonce.d.*)
 *(.rela.data .rela.data.* .rela.gnu.linkonce.d.*)
 *(.rel.tdata .rel.tdata.* .rel.gnu.linkonce.td.*)
 *(.rela.tdata .rela.tdata.* .rela.gnu.linkonce.td.*)
 *(.rel.tbss .rel.tbss.* .rel.gnu.linkonce.tb.*)
 *(.rela.tbss .rela.tbss.* .rela.gnu.linkonce.tb.*)
 *(.rel.ctors)
 *(.rela.ctors)
 *(.rel.dtors)
 *(.rela.dtors)
 *(.rel.got)
 *(.rela.got)
 *(.rel.sdata .rel.sdata.* .rel.gnu.linkonce.s.*)
 *(.rela.sdata .rela.sdata.* .rela.gnu.linkonce.s.*)
 *(.rel.sbss .rel.sbss.* .rel.gnu.linkonce.sb.*)
 *(.rela.sbss .rela.sbss.* .rela.gnu.linkonce.sb.*)
 *(.rel.sdata2 .rel.sdata2.* .rel.gnu.linkonce.s2.*)
 *(.rela.sdata2 .rela.sdata2.* .rela.gnu.linkonce.s2.*)
 *(.rel.sbss2 .rel.sbss2.* .rel.gnu.linkonce.sb2.*)
 *(.rela.sbss2 .rela.sbss2.* .rela.gnu.linkonce.sb2.*)
 *(.rel.bss .rel.bss.* .rel.gnu.linkonce.b.*)
 *(.rela.bss .rela.bss.* .rela.gnu.linkonce.b.*)
 *(.rel.plt)
 *(.rela.plt)
 *(.rel.dyn)
 *(.init)
 *(.plt)
 *(.text .stub .text.* .gnu.linkonce.t.*)
 .text          0x00008020       0x3c ../led_bsp//obj/HAL/src/crt0.o
                0x00008020                _start
 .text          0x0000805c       0x40 obj/default/count.o
                0x0000805c                main
 .text          0x0000809c       0xa4 /home/baioc/Applications/altera/nios2eds/bin/gnu/H-i686-pc-linux-gnu/bin/../lib/gcc/nios2-elf/4.1.2/../../../../nios2-elf/lib/mno-hw-mul/libsmallc.a(lib_a-puts.o)
                0x0000809c                _puts_r
                0x0000812c                puts
 .text          0x00008140       0x20 /home/baioc/Applications/altera/nios2eds/bin/gnu/H-i686-pc-linux-gnu/bin/../lib/gcc/nios2-elf/4.1.2/../../../../nios2-elf/lib/mno-hw-mul/libsmallc.a(lib_a-strlen.o)
                0x00008140                strlen
 .text          0x00008160       0xbc /home/baioc/Applications/altera/nios2eds/bin/gnu/H-i686-pc-linux-gnu/bin/../lib/gcc/nios2-elf/4.1.2/../../../../nios2-elf/lib/mno-hw-mul/libsmallc.a(lib_a-fvwrite_small_dev.o)
                0x00008160                __sfvwrite_small_dev
 .text          0x0000821c        0x0 /home/baioc/Applications/altera/nios2eds/bin/gnu/H-i686-pc-linux-gnu/bin/../lib/gcc/nios2-elf/4.1.2/../../../../nios2-elf/lib/mno-hw-mul/libsmallc.a(lib_a-impure.o)
 .text          0x0000821c       0x78 /home/baioc/Applications/altera/nios2eds/bin/gnu/H-i686-pc-linux-gnu/bin/../lib/gcc/nios2-elf/4.1.2/../../../../nios2-elf/lib/mno-hw-mul/libsmallc.a(lib_a-writer.o)
                0x0000821c                _write_r
 .text          0x00008294        0x0 /home/baioc/Applications/altera/nios2eds/bin/gnu/H-i686-pc-linux-gnu/bin/../lib/gcc/nios2-elf/4.1.2/../../../../nios2-elf/lib/mno-hw-mul/libsmallc.a(lib_a-int_errno.o)
 .text          0x00008294       0x8c ../led_bsp//libhal_bsp.a(alt_load.o)
                0x000082b4                alt_load
 .text          0x00008320       0x2c ../led_bsp//libhal_bsp.a(alt_main.o)
                0x00008320                alt_main
 .text          0x0000834c        0x4 ../led_bsp//libhal_bsp.a(alt_usleep.o)
                0x0000834c                usleep
 .text          0x00008350       0x78 ../led_bsp//libhal_bsp.a(alt_write.o)
                0x00008350                write
 .text          0x000083c8       0x24 ../led_bsp//libhal_bsp.a(alt_sys_init.o)
                0x000083c8                alt_sys_init
                0x000083cc                alt_irq_init
 .text          0x000083ec       0x34 ../led_bsp//libhal_bsp.a(altera_avalon_jtag_uart_write.o)
                0x000083ec                altera_avalon_jtag_uart_write
 .text          0x00008420       0x7c ../led_bsp//libhal_bsp.a(alt_busy_sleep.o)
                0x00008420                alt_busy_sleep
 .text          0x0000849c        0x4 ../led_bsp//libhal_bsp.a(alt_dcache_flush_all.o)
                0x0000849c                alt_dcache_flush_all
 .text          0x000084a0        0x0 ../led_bsp//libhal_bsp.a(alt_errno.o)
 .text          0x000084a0        0xc ../led_bsp//libhal_bsp.a(alt_icache_flush_all.o)
                0x000084a0                alt_icache_flush_all
 .text          0x000084ac        0x8 ../led_bsp//libhal_bsp.a(altera_nios2_qsys_irq.o)
                0x000084ac                altera_nios2_qsys_irq_init
 .text          0x000084b4       0x38 ../led_bsp//libhal_bsp.a(alt_icache_flush.o)
                0x000084b4                alt_icache_flush
 .text          0x000084ec      0x14c /home/baioc/Applications/altera/nios2eds/bin/gnu/H-i686-pc-linux-gnu/bin/../lib/gcc/nios2-elf/4.1.2/mno-hw-mul/libgcc.a(lib2-divmod.o)
                0x00008568                __divsi3
                0x000085c8                __modsi3
                0x00008628                __udivsi3
                0x00008630                __umodsi3
 *(.gnu.warning.*)
 *(.fini)
                0x00008638                PROVIDE (__etext, ABSOLUTE (.))
                0x00008638                PROVIDE (_etext, ABSOLUTE (.))
                0x00008638                PROVIDE (etext, ABSOLUTE (.))
 *(.eh_frame_hdr)
                0x00008638                . = ALIGN (0x4)
                0x00008638                PROVIDE (__preinit_array_start, ABSOLUTE (.))
 *(.preinit_array)
                0x00008638                PROVIDE (__preinit_array_end, ABSOLUTE (.))
                0x00008638                PROVIDE (__init_array_start, ABSOLUTE (.))
 *(.init_array)
                0x00008638                PROVIDE (__init_array_end, ABSOLUTE (.))
                0x00008638                PROVIDE (__fini_array_start, ABSOLUTE (.))
 *(.fini_array)
                0x00008638                PROVIDE (__fini_array_end, ABSOLUTE (.))
 *(.eh_frame)
 *(.gcc_except_table)
 *(.dynamic)
                0x00008638                PROVIDE (__CTOR_LIST__, ABSOLUTE (.))
 *(.ctors)
 *(SORT(.ctors.*))
                0x00008638                PROVIDE (__CTOR_END__, ABSOLUTE (.))
                0x00008638                PROVIDE (__DTOR_LIST__, ABSOLUTE (.))
 *(.dtors)
 *(SORT(.dtors.*))
                0x00008638                PROVIDE (__DTOR_END__, ABSOLUTE (.))
 *(.jcr)
                0x00008638                . = ALIGN (0x4)

.rodata         0x00008638       0x1c
                0x00008638                PROVIDE (__ram_rodata_start, ABSOLUTE (.))
                0x00008638                . = ALIGN (0x4)
 *(.rodata .rodata.* .gnu.linkonce.r.*)
 .rodata.str1.4
                0x00008638       0x15 obj/default/count.o
                                 0x18 (size before relaxing)
 *fill*         0x0000864d        0x3 00
 .rodata.str1.4
                0x00008650        0x4 /home/baioc/Applications/altera/nios2eds/bin/gnu/H-i686-pc-linux-gnu/bin/../lib/gcc/nios2-elf/4.1.2/../../../../nios2-elf/lib/mno-hw-mul/libsmallc.a(lib_a-puts.o)
 *(.rodata1)
                0x00008654                . = ALIGN (0x4)
                0x00008654                PROVIDE (__ram_rodata_end, ABSOLUTE (.))
                0x00008638                PROVIDE (__flash_rodata_start, LOADADDR (.rodata))

.rwdata         0x00008654       0xf0 load address 0x00008744
                0x00008654                PROVIDE (__ram_rwdata_start, ABSOLUTE (.))
                0x00008654                . = ALIGN (0x4)
 *(.got.plt)
 *(.got)
 *(.data1)
 *(.data .data.* .gnu.linkonce.d.*)
 .data          0x00008654        0x0 ../led_bsp//obj/HAL/src/crt0.o
 .data          0x00008654        0x0 obj/default/count.o
 .data          0x00008654        0x0 /home/baioc/Applications/altera/nios2eds/bin/gnu/H-i686-pc-linux-gnu/bin/../lib/gcc/nios2-elf/4.1.2/../../../../nios2-elf/lib/mno-hw-mul/libsmallc.a(lib_a-puts.o)
 .data          0x00008654        0x0 /home/baioc/Applications/altera/nios2eds/bin/gnu/H-i686-pc-linux-gnu/bin/../lib/gcc/nios2-elf/4.1.2/../../../../nios2-elf/lib/mno-hw-mul/libsmallc.a(lib_a-strlen.o)
 .data          0x00008654        0x0 /home/baioc/Applications/altera/nios2eds/bin/gnu/H-i686-pc-linux-gnu/bin/../lib/gcc/nios2-elf/4.1.2/../../../../nios2-elf/lib/mno-hw-mul/libsmallc.a(lib_a-fvwrite_small_dev.o)
 .data          0x00008654       0xe0 /home/baioc/Applications/altera/nios2eds/bin/gnu/H-i686-pc-linux-gnu/bin/../lib/gcc/nios2-elf/4.1.2/../../../../nios2-elf/lib/mno-hw-mul/libsmallc.a(lib_a-impure.o)
 .data          0x00008734        0x0 /home/baioc/Applications/altera/nios2eds/bin/gnu/H-i686-pc-linux-gnu/bin/../lib/gcc/nios2-elf/4.1.2/../../../../nios2-elf/lib/mno-hw-mul/libsmallc.a(lib_a-writer.o)
 .data          0x00008734        0x0 /home/baioc/Applications/altera/nios2eds/bin/gnu/H-i686-pc-linux-gnu/bin/../lib/gcc/nios2-elf/4.1.2/../../../../nios2-elf/lib/mno-hw-mul/libsmallc.a(lib_a-int_errno.o)
 .data          0x00008734        0x0 ../led_bsp//libhal_bsp.a(alt_load.o)
 .data          0x00008734        0x0 ../led_bsp//libhal_bsp.a(alt_main.o)
 .data          0x00008734        0x0 ../led_bsp//libhal_bsp.a(alt_usleep.o)
 .data          0x00008734        0x0 ../led_bsp//libhal_bsp.a(alt_write.o)
 .data          0x00008734        0x0 ../led_bsp//libhal_bsp.a(alt_sys_init.o)
 .data          0x00008734        0x0 ../led_bsp//libhal_bsp.a(altera_avalon_jtag_uart_write.o)
 .data          0x00008734        0x0 ../led_bsp//libhal_bsp.a(alt_busy_sleep.o)
 .data          0x00008734        0x0 ../led_bsp//libhal_bsp.a(alt_dcache_flush_all.o)
 .data          0x00008734        0x0 ../led_bsp//libhal_bsp.a(alt_errno.o)
 .data          0x00008734        0x0 ../led_bsp//libhal_bsp.a(alt_icache_flush_all.o)
 .data          0x00008734        0x0 ../led_bsp//libhal_bsp.a(altera_nios2_qsys_irq.o)
 .data          0x00008734        0x0 ../led_bsp//libhal_bsp.a(alt_icache_flush.o)
 .data          0x00008734        0x0 /home/baioc/Applications/altera/nios2eds/bin/gnu/H-i686-pc-linux-gnu/bin/../lib/gcc/nios2-elf/4.1.2/mno-hw-mul/libgcc.a(lib2-divmod.o)
                0x00010734                _gp = ABSOLUTE ((. + 0x8000))
                0x00010734                PROVIDE (gp, _gp)
 *(.rwdata .rwdata.*)
 *(.sdata .sdata.* .gnu.linkonce.s.*)
 .sdata         0x00008734        0x8 /home/baioc/Applications/altera/nios2eds/bin/gnu/H-i686-pc-linux-gnu/bin/../lib/gcc/nios2-elf/4.1.2/../../../../nios2-elf/lib/mno-hw-mul/libsmallc.a(lib_a-impure.o)
                0x00008734                _impure_ptr
                0x00008738                _global_impure_ptr
 .sdata         0x0000873c        0x4 ../led_bsp//libhal_bsp.a(alt_sys_init.o)
                0x0000873c                jtag_uart
 .sdata         0x00008740        0x4 ../led_bsp//libhal_bsp.a(alt_errno.o)
                0x00008740                alt_errno
 *(.sdata2 .sdata2.* .gnu.linkonce.s2.*)
                0x00008744                . = ALIGN (0x4)
                0x00008744                _edata = ABSOLUTE (.)
                0x00008744                PROVIDE (edata, ABSOLUTE (.))
                0x00008744                PROVIDE (__ram_rwdata_end, ABSOLUTE (.))
                0x00008744                PROVIDE (__flash_rwdata_start, LOADADDR (.rwdata))

.bss            0x00008834       0x10
                0x00008834                __bss_start = ABSOLUTE (.)
                0x00008834                PROVIDE (__sbss_start, ABSOLUTE (.))
                0x00008834                PROVIDE (___sbss_start, ABSOLUTE (.))
 *(.dynsbss)
 *(.sbss .sbss.* .gnu.linkonce.sb.*)
 .sbss          0x00008834        0x4 /home/baioc/Applications/altera/nios2eds/bin/gnu/H-i686-pc-linux-gnu/bin/../lib/gcc/nios2-elf/4.1.2/../../../../nios2-elf/lib/mno-hw-mul/libsmallc.a(lib_a-int_errno.o)
                0x00008834                errno
 .sbss          0x00008838        0xc ../led_bsp//libhal_bsp.a(alt_main.o)
                0x00008838                alt_argc
                0x0000883c                alt_argv
                0x00008840                alt_envp
 *(.sbss2 .sbss2.* .gnu.linkonce.sb2.*)
 *(.scommon)
                0x00008844                PROVIDE (__sbss_end, ABSOLUTE (.))
                0x00008844                PROVIDE (___sbss_end, ABSOLUTE (.))
 *(.dynbss)
 *(.bss .bss.* .gnu.linkonce.b.*)
 .bss           0x00008844        0x0 ../led_bsp//obj/HAL/src/crt0.o
 .bss           0x00008844        0x0 obj/default/count.o
 .bss           0x00008844        0x0 /home/baioc/Applications/altera/nios2eds/bin/gnu/H-i686-pc-linux-gnu/bin/../lib/gcc/nios2-elf/4.1.2/../../../../nios2-elf/lib/mno-hw-mul/libsmallc.a(lib_a-puts.o)
 .bss           0x00008844        0x0 /home/baioc/Applications/altera/nios2eds/bin/gnu/H-i686-pc-linux-gnu/bin/../lib/gcc/nios2-elf/4.1.2/../../../../nios2-elf/lib/mno-hw-mul/libsmallc.a(lib_a-strlen.o)
 .bss           0x00008844        0x0 /home/baioc/Applications/altera/nios2eds/bin/gnu/H-i686-pc-linux-gnu/bin/../lib/gcc/nios2-elf/4.1.2/../../../../nios2-elf/lib/mno-hw-mul/libsmallc.a(lib_a-fvwrite_small_dev.o)
 .bss           0x00008844        0x0 /home/baioc/Applications/altera/nios2eds/bin/gnu/H-i686-pc-linux-gnu/bin/../lib/gcc/nios2-elf/4.1.2/../../../../nios2-elf/lib/mno-hw-mul/libsmallc.a(lib_a-impure.o)
 .bss           0x00008844        0x0 /home/baioc/Applications/altera/nios2eds/bin/gnu/H-i686-pc-linux-gnu/bin/../lib/gcc/nios2-elf/4.1.2/../../../../nios2-elf/lib/mno-hw-mul/libsmallc.a(lib_a-writer.o)
 .bss           0x00008844        0x0 /home/baioc/Applications/altera/nios2eds/bin/gnu/H-i686-pc-linux-gnu/bin/../lib/gcc/nios2-elf/4.1.2/../../../../nios2-elf/lib/mno-hw-mul/libsmallc.a(lib_a-int_errno.o)
 .bss           0x00008844        0x0 ../led_bsp//libhal_bsp.a(alt_load.o)
 .bss           0x00008844        0x0 ../led_bsp//libhal_bsp.a(alt_main.o)
 .bss           0x00008844        0x0 ../led_bsp//libhal_bsp.a(alt_usleep.o)
 .bss           0x00008844        0x0 ../led_bsp//libhal_bsp.a(alt_write.o)
 .bss           0x00008844        0x0 ../led_bsp//libhal_bsp.a(alt_sys_init.o)
 .bss           0x00008844        0x0 ../led_bsp//libhal_bsp.a(altera_avalon_jtag_uart_write.o)
 .bss           0x00008844        0x0 ../led_bsp//libhal_bsp.a(alt_busy_sleep.o)
 .bss           0x00008844        0x0 ../led_bsp//libhal_bsp.a(alt_dcache_flush_all.o)
 .bss           0x00008844        0x0 ../led_bsp//libhal_bsp.a(alt_errno.o)
 .bss           0x00008844        0x0 ../led_bsp//libhal_bsp.a(alt_icache_flush_all.o)
 .bss           0x00008844        0x0 ../led_bsp//libhal_bsp.a(altera_nios2_qsys_irq.o)
 .bss           0x00008844        0x0 ../led_bsp//libhal_bsp.a(alt_icache_flush.o)
 .bss           0x00008844        0x0 /home/baioc/Applications/altera/nios2eds/bin/gnu/H-i686-pc-linux-gnu/bin/../lib/gcc/nios2-elf/4.1.2/mno-hw-mul/libgcc.a(lib2-divmod.o)
 *(COMMON)
                0x00008844                . = ALIGN (0x4)
                0x00008844                __bss_end = ABSOLUTE (.)

.onchip_mem_nios2
                0x00008844        0x0
                0x00008844                PROVIDE (_alt_partition_onchip_mem_nios2_start, ABSOLUTE (.))
 *(.onchip_mem_nios2. onchip_mem_nios2.*)
                0x00008844                . = ALIGN (0x4)
                0x00008844                PROVIDE (_alt_partition_onchip_mem_nios2_end, ABSOLUTE (.))
                0x00008844                _end = ABSOLUTE (.)
                0x00008844                end = ABSOLUTE (.)
                0x00008844                __alt_stack_base = ABSOLUTE (.)
                0x00008844                PROVIDE (_alt_partition_onchip_mem_nios2_load_addr, LOADADDR (.onchip_mem_nios2))

.stab
 *(.stab)

.stabstr
 *(.stabstr)

.stab.excl
 *(.stab.excl)

.stab.exclstr
 *(.stab.exclstr)

.stab.index
 *(.stab.index)

.stab.indexstr
 *(.stab.indexstr)

.comment        0x00000000       0x26
 *(.comment)
 .comment       0x00000000       0x26 obj/default/count.o
                                 0x27 (size before relaxing)
 .comment       0x00000000       0x27 /home/baioc/Applications/altera/nios2eds/bin/gnu/H-i686-pc-linux-gnu/bin/../lib/gcc/nios2-elf/4.1.2/../../../../nios2-elf/lib/mno-hw-mul/libsmallc.a(lib_a-puts.o)
 .comment       0x00000000       0x27 /home/baioc/Applications/altera/nios2eds/bin/gnu/H-i686-pc-linux-gnu/bin/../lib/gcc/nios2-elf/4.1.2/../../../../nios2-elf/lib/mno-hw-mul/libsmallc.a(lib_a-strlen.o)
 .comment       0x00000000       0x27 /home/baioc/Applications/altera/nios2eds/bin/gnu/H-i686-pc-linux-gnu/bin/../lib/gcc/nios2-elf/4.1.2/../../../../nios2-elf/lib/mno-hw-mul/libsmallc.a(lib_a-fvwrite_small_dev.o)
 .comment       0x00000000       0x27 /home/baioc/Applications/altera/nios2eds/bin/gnu/H-i686-pc-linux-gnu/bin/../lib/gcc/nios2-elf/4.1.2/../../../../nios2-elf/lib/mno-hw-mul/libsmallc.a(lib_a-impure.o)
 .comment       0x00000000       0x27 /home/baioc/Applications/altera/nios2eds/bin/gnu/H-i686-pc-linux-gnu/bin/../lib/gcc/nios2-elf/4.1.2/../../../../nios2-elf/lib/mno-hw-mul/libsmallc.a(lib_a-writer.o)
 .comment       0x00000000       0x27 /home/baioc/Applications/altera/nios2eds/bin/gnu/H-i686-pc-linux-gnu/bin/../lib/gcc/nios2-elf/4.1.2/../../../../nios2-elf/lib/mno-hw-mul/libsmallc.a(lib_a-int_errno.o)
 .comment       0x00000000       0x27 ../led_bsp//libhal_bsp.a(alt_load.o)
 .comment       0x00000000       0x27 ../led_bsp//libhal_bsp.a(alt_main.o)
 .comment       0x00000000       0x27 ../led_bsp//libhal_bsp.a(alt_usleep.o)
 .comment       0x00000000       0x27 ../led_bsp//libhal_bsp.a(alt_write.o)
 .comment       0x00000000       0x27 ../led_bsp//libhal_bsp.a(alt_sys_init.o)
 .comment       0x00000000       0x27 ../led_bsp//libhal_bsp.a(altera_avalon_jtag_uart_write.o)
 .comment       0x00000000       0x27 ../led_bsp//libhal_bsp.a(alt_busy_sleep.o)
 .comment       0x00000000       0x27 ../led_bsp//libhal_bsp.a(alt_dcache_flush_all.o)
 .comment       0x00000000       0x27 ../led_bsp//libhal_bsp.a(alt_errno.o)
 .comment       0x00000000       0x27 ../led_bsp//libhal_bsp.a(alt_icache_flush_all.o)
 .comment       0x00000000       0x27 ../led_bsp//libhal_bsp.a(altera_nios2_qsys_irq.o)
 .comment       0x00000000       0x27 ../led_bsp//libhal_bsp.a(alt_icache_flush.o)
 .comment       0x00000000       0x27 /home/baioc/Applications/altera/nios2eds/bin/gnu/H-i686-pc-linux-gnu/bin/../lib/gcc/nios2-elf/4.1.2/mno-hw-mul/libgcc.a(lib2-divmod.o)

.debug
 *(.debug)

.line
 *(.line)

.debug_srcinfo
 *(.debug_srcinfo)

.debug_sfnames
 *(.debug_sfnames)

.debug_aranges  0x00000000      0x248
 *(.debug_aranges)
 .debug_aranges
                0x00000000       0x28 ../led_bsp//obj/HAL/src/crt0.o
 .debug_aranges
                0x00000028       0x20 obj/default/count.o
 .debug_aranges
                0x00000048       0x20 /home/baioc/Applications/altera/nios2eds/bin/gnu/H-i686-pc-linux-gnu/bin/../lib/gcc/nios2-elf/4.1.2/../../../../nios2-elf/lib/mno-hw-mul/libsmallc.a(lib_a-puts.o)
 .debug_aranges
                0x00000068       0x20 /home/baioc/Applications/altera/nios2eds/bin/gnu/H-i686-pc-linux-gnu/bin/../lib/gcc/nios2-elf/4.1.2/../../../../nios2-elf/lib/mno-hw-mul/libsmallc.a(lib_a-strlen.o)
 .debug_aranges
                0x00000088       0x20 /home/baioc/Applications/altera/nios2eds/bin/gnu/H-i686-pc-linux-gnu/bin/../lib/gcc/nios2-elf/4.1.2/../../../../nios2-elf/lib/mno-hw-mul/libsmallc.a(lib_a-fvwrite_small_dev.o)
 .debug_aranges
                0x000000a8       0x20 /home/baioc/Applications/altera/nios2eds/bin/gnu/H-i686-pc-linux-gnu/bin/../lib/gcc/nios2-elf/4.1.2/../../../../nios2-elf/lib/mno-hw-mul/libsmallc.a(lib_a-writer.o)
 .debug_aranges
                0x000000c8       0x20 ../led_bsp//libhal_bsp.a(alt_load.o)
 .debug_aranges
                0x000000e8       0x20 ../led_bsp//libhal_bsp.a(alt_main.o)
 .debug_aranges
                0x00000108       0x20 ../led_bsp//libhal_bsp.a(alt_usleep.o)
 .debug_aranges
                0x00000128       0x20 ../led_bsp//libhal_bsp.a(alt_write.o)
 .debug_aranges
                0x00000148       0x20 ../led_bsp//libhal_bsp.a(alt_sys_init.o)
 .debug_aranges
                0x00000168       0x20 ../led_bsp//libhal_bsp.a(altera_avalon_jtag_uart_write.o)
 .debug_aranges
                0x00000188       0x20 ../led_bsp//libhal_bsp.a(alt_busy_sleep.o)
 .debug_aranges
                0x000001a8       0x20 ../led_bsp//libhal_bsp.a(alt_dcache_flush_all.o)
 .debug_aranges
                0x000001c8       0x20 ../led_bsp//libhal_bsp.a(alt_icache_flush_all.o)
 .debug_aranges
                0x000001e8       0x20 ../led_bsp//libhal_bsp.a(altera_nios2_qsys_irq.o)
 .debug_aranges
                0x00000208       0x20 ../led_bsp//libhal_bsp.a(alt_icache_flush.o)
 .debug_aranges
                0x00000228       0x20 /home/baioc/Applications/altera/nios2eds/bin/gnu/H-i686-pc-linux-gnu/bin/../lib/gcc/nios2-elf/4.1.2/mno-hw-mul/libgcc.a(lib2-divmod.o)

.debug_pubnames
                0x00000000      0x34d
 *(.debug_pubnames)
 .debug_pubnames
                0x00000000       0x1b obj/default/count.o
 .debug_pubnames
                0x0000001b       0x27 /home/baioc/Applications/altera/nios2eds/bin/gnu/H-i686-pc-linux-gnu/bin/../lib/gcc/nios2-elf/4.1.2/../../../../nios2-elf/lib/mno-hw-mul/libsmallc.a(lib_a-puts.o)
 .debug_pubnames
                0x00000042       0x1d /home/baioc/Applications/altera/nios2eds/bin/gnu/H-i686-pc-linux-gnu/bin/../lib/gcc/nios2-elf/4.1.2/../../../../nios2-elf/lib/mno-hw-mul/libsmallc.a(lib_a-strlen.o)
 .debug_pubnames
                0x0000005f       0x2b /home/baioc/Applications/altera/nios2eds/bin/gnu/H-i686-pc-linux-gnu/bin/../lib/gcc/nios2-elf/4.1.2/../../../../nios2-elf/lib/mno-hw-mul/libsmallc.a(lib_a-fvwrite_small_dev.o)
 .debug_pubnames
                0x0000008a       0x39 /home/baioc/Applications/altera/nios2eds/bin/gnu/H-i686-pc-linux-gnu/bin/../lib/gcc/nios2-elf/4.1.2/../../../../nios2-elf/lib/mno-hw-mul/libsmallc.a(lib_a-impure.o)
 .debug_pubnames
                0x000000c3       0x1f /home/baioc/Applications/altera/nios2eds/bin/gnu/H-i686-pc-linux-gnu/bin/../lib/gcc/nios2-elf/4.1.2/../../../../nios2-elf/lib/mno-hw-mul/libsmallc.a(lib_a-writer.o)
 .debug_pubnames
                0x000000e2       0x1c /home/baioc/Applications/altera/nios2eds/bin/gnu/H-i686-pc-linux-gnu/bin/../lib/gcc/nios2-elf/4.1.2/../../../../nios2-elf/lib/mno-hw-mul/libsmallc.a(lib_a-int_errno.o)
 .debug_pubnames
                0x000000fe       0x1f ../led_bsp//libhal_bsp.a(alt_load.o)
 .debug_pubnames
                0x0000011d       0x46 ../led_bsp//libhal_bsp.a(alt_main.o)
 .debug_pubnames
                0x00000163       0x1d ../led_bsp//libhal_bsp.a(alt_usleep.o)
 .debug_pubnames
                0x00000180       0x1c ../led_bsp//libhal_bsp.a(alt_write.o)
 .debug_pubnames
                0x0000019c       0x42 ../led_bsp//libhal_bsp.a(alt_sys_init.o)
 .debug_pubnames
                0x000001de       0x34 ../led_bsp//libhal_bsp.a(altera_avalon_jtag_uart_write.o)
 .debug_pubnames
                0x00000212       0x25 ../led_bsp//libhal_bsp.a(alt_busy_sleep.o)
 .debug_pubnames
                0x00000237       0x2b ../led_bsp//libhal_bsp.a(alt_dcache_flush_all.o)
 .debug_pubnames
                0x00000262       0x20 ../led_bsp//libhal_bsp.a(alt_errno.o)
 .debug_pubnames
                0x00000282       0x2b ../led_bsp//libhal_bsp.a(alt_icache_flush_all.o)
 .debug_pubnames
                0x000002ad       0x31 ../led_bsp//libhal_bsp.a(altera_nios2_qsys_irq.o)
 .debug_pubnames
                0x000002de       0x27 ../led_bsp//libhal_bsp.a(alt_icache_flush.o)
 .debug_pubnames
                0x00000305       0x48 /home/baioc/Applications/altera/nios2eds/bin/gnu/H-i686-pc-linux-gnu/bin/../lib/gcc/nios2-elf/4.1.2/mno-hw-mul/libgcc.a(lib2-divmod.o)

.debug_info     0x00000000     0x29bb
 *(.debug_info .gnu.linkonce.wi.*)
 .debug_info    0x00000000       0x65 ../led_bsp//obj/HAL/src/crt0.o
 .debug_info    0x00000065       0x9d obj/default/count.o
 .debug_info    0x00000102      0x685 /home/baioc/Applications/altera/nios2eds/bin/gnu/H-i686-pc-linux-gnu/bin/../lib/gcc/nios2-elf/4.1.2/../../../../nios2-elf/lib/mno-hw-mul/libsmallc.a(lib_a-puts.o)
 .debug_info    0x00000787       0xc2 /home/baioc/Applications/altera/nios2eds/bin/gnu/H-i686-pc-linux-gnu/bin/../lib/gcc/nios2-elf/4.1.2/../../../../nios2-elf/lib/mno-hw-mul/libsmallc.a(lib_a-strlen.o)
 .debug_info    0x00000849      0x68e /home/baioc/Applications/altera/nios2eds/bin/gnu/H-i686-pc-linux-gnu/bin/../lib/gcc/nios2-elf/4.1.2/../../../../nios2-elf/lib/mno-hw-mul/libsmallc.a(lib_a-fvwrite_small_dev.o)
 .debug_info    0x00000ed7      0x636 /home/baioc/Applications/altera/nios2eds/bin/gnu/H-i686-pc-linux-gnu/bin/../lib/gcc/nios2-elf/4.1.2/../../../../nios2-elf/lib/mno-hw-mul/libsmallc.a(lib_a-impure.o)
 .debug_info    0x0000150d      0x68c /home/baioc/Applications/altera/nios2eds/bin/gnu/H-i686-pc-linux-gnu/bin/../lib/gcc/nios2-elf/4.1.2/../../../../nios2-elf/lib/mno-hw-mul/libsmallc.a(lib_a-writer.o)
 .debug_info    0x00001b99       0x8c /home/baioc/Applications/altera/nios2eds/bin/gnu/H-i686-pc-linux-gnu/bin/../lib/gcc/nios2-elf/4.1.2/../../../../nios2-elf/lib/mno-hw-mul/libsmallc.a(lib_a-int_errno.o)
 .debug_info    0x00001c25      0x12e ../led_bsp//libhal_bsp.a(alt_load.o)
 .debug_info    0x00001d53      0x125 ../led_bsp//libhal_bsp.a(alt_main.o)
 .debug_info    0x00001e78       0xab ../led_bsp//libhal_bsp.a(alt_usleep.o)
 .debug_info    0x00001f23      0x179 ../led_bsp//libhal_bsp.a(alt_write.o)
 .debug_info    0x0000209c      0x17d ../led_bsp//libhal_bsp.a(alt_sys_init.o)
 .debug_info    0x00002219      0x18f ../led_bsp//libhal_bsp.a(altera_avalon_jtag_uart_write.o)
 .debug_info    0x000023a8       0xd0 ../led_bsp//libhal_bsp.a(alt_busy_sleep.o)
 .debug_info    0x00002478       0x8d ../led_bsp//libhal_bsp.a(alt_dcache_flush_all.o)
 .debug_info    0x00002505       0xab ../led_bsp//libhal_bsp.a(alt_errno.o)
 .debug_info    0x000025b0       0x8d ../led_bsp//libhal_bsp.a(alt_icache_flush_all.o)
 .debug_info    0x0000263d       0x8d ../led_bsp//libhal_bsp.a(altera_nios2_qsys_irq.o)
 .debug_info    0x000026ca       0xd5 ../led_bsp//libhal_bsp.a(alt_icache_flush.o)
 .debug_info    0x0000279f      0x21c /home/baioc/Applications/altera/nios2eds/bin/gnu/H-i686-pc-linux-gnu/bin/../lib/gcc/nios2-elf/4.1.2/mno-hw-mul/libgcc.a(lib2-divmod.o)

.debug_abbrev   0x00000000      0xe00
 *(.debug_abbrev)
 .debug_abbrev  0x00000000       0x12 ../led_bsp//obj/HAL/src/crt0.o
 .debug_abbrev  0x00000012       0x4e obj/default/count.o
 .debug_abbrev  0x00000060      0x180 /home/baioc/Applications/altera/nios2eds/bin/gnu/H-i686-pc-linux-gnu/bin/../lib/gcc/nios2-elf/4.1.2/../../../../nios2-elf/lib/mno-hw-mul/libsmallc.a(lib_a-puts.o)
 .debug_abbrev  0x000001e0       0x7a /home/baioc/Applications/altera/nios2eds/bin/gnu/H-i686-pc-linux-gnu/bin/../lib/gcc/nios2-elf/4.1.2/../../../../nios2-elf/lib/mno-hw-mul/libsmallc.a(lib_a-strlen.o)
 .debug_abbrev  0x0000025a      0x179 /home/baioc/Applications/altera/nios2eds/bin/gnu/H-i686-pc-linux-gnu/bin/../lib/gcc/nios2-elf/4.1.2/../../../../nios2-elf/lib/mno-hw-mul/libsmallc.a(lib_a-fvwrite_small_dev.o)
 .debug_abbrev  0x000003d3      0x13f /home/baioc/Applications/altera/nios2eds/bin/gnu/H-i686-pc-linux-gnu/bin/../lib/gcc/nios2-elf/4.1.2/../../../../nios2-elf/lib/mno-hw-mul/libsmallc.a(lib_a-impure.o)
 .debug_abbrev  0x00000512      0x16c /home/baioc/Applications/altera/nios2eds/bin/gnu/H-i686-pc-linux-gnu/bin/../lib/gcc/nios2-elf/4.1.2/../../../../nios2-elf/lib/mno-hw-mul/libsmallc.a(lib_a-writer.o)
 .debug_abbrev  0x0000067e       0x3b /home/baioc/Applications/altera/nios2eds/bin/gnu/H-i686-pc-linux-gnu/bin/../lib/gcc/nios2-elf/4.1.2/../../../../nios2-elf/lib/mno-hw-mul/libsmallc.a(lib_a-int_errno.o)
 .debug_abbrev  0x000006b9       0x97 ../led_bsp//libhal_bsp.a(alt_load.o)
 .debug_abbrev  0x00000750       0xa6 ../led_bsp//libhal_bsp.a(alt_main.o)
 .debug_abbrev  0x000007f6       0x5d ../led_bsp//libhal_bsp.a(alt_usleep.o)
 .debug_abbrev  0x00000853       0xdd ../led_bsp//libhal_bsp.a(alt_write.o)
 .debug_abbrev  0x00000930       0xe3 ../led_bsp//libhal_bsp.a(alt_sys_init.o)
 .debug_abbrev  0x00000a13       0xf0 ../led_bsp//libhal_bsp.a(altera_avalon_jtag_uart_write.o)
 .debug_abbrev  0x00000b03       0x79 ../led_bsp//libhal_bsp.a(alt_busy_sleep.o)
 .debug_abbrev  0x00000b7c       0x3f ../led_bsp//libhal_bsp.a(alt_dcache_flush_all.o)
 .debug_abbrev  0x00000bbb       0x5e ../led_bsp//libhal_bsp.a(alt_errno.o)
 .debug_abbrev  0x00000c19       0x3f ../led_bsp//libhal_bsp.a(alt_icache_flush_all.o)
 .debug_abbrev  0x00000c58       0x3f ../led_bsp//libhal_bsp.a(altera_nios2_qsys_irq.o)
 .debug_abbrev  0x00000c97       0x89 ../led_bsp//libhal_bsp.a(alt_icache_flush.o)
 .debug_abbrev  0x00000d20       0xe0 /home/baioc/Applications/altera/nios2eds/bin/gnu/H-i686-pc-linux-gnu/bin/../lib/gcc/nios2-elf/4.1.2/mno-hw-mul/libgcc.a(lib2-divmod.o)

.debug_line     0x00000000     0x2fc8
 *(.debug_line)
 .debug_line    0x00000000       0x6c ../led_bsp//obj/HAL/src/crt0.o
 .debug_line    0x0000006c      0x21d obj/default/count.o
 .debug_line    0x00000289      0x2b2 /home/baioc/Applications/altera/nios2eds/bin/gnu/H-i686-pc-linux-gnu/bin/../lib/gcc/nios2-elf/4.1.2/../../../../nios2-elf/lib/mno-hw-mul/libsmallc.a(lib_a-puts.o)
 .debug_line    0x0000053b      0x250 /home/baioc/Applications/altera/nios2eds/bin/gnu/H-i686-pc-linux-gnu/bin/../lib/gcc/nios2-elf/4.1.2/../../../../nios2-elf/lib/mno-hw-mul/libsmallc.a(lib_a-strlen.o)
 .debug_line    0x0000078b      0x2a9 /home/baioc/Applications/altera/nios2eds/bin/gnu/H-i686-pc-linux-gnu/bin/../lib/gcc/nios2-elf/4.1.2/../../../../nios2-elf/lib/mno-hw-mul/libsmallc.a(lib_a-fvwrite_small_dev.o)
 .debug_line    0x00000a34      0x230 /home/baioc/Applications/altera/nios2eds/bin/gnu/H-i686-pc-linux-gnu/bin/../lib/gcc/nios2-elf/4.1.2/../../../../nios2-elf/lib/mno-hw-mul/libsmallc.a(lib_a-impure.o)
 .debug_line    0x00000c64      0x29d /home/baioc/Applications/altera/nios2eds/bin/gnu/H-i686-pc-linux-gnu/bin/../lib/gcc/nios2-elf/4.1.2/../../../../nios2-elf/lib/mno-hw-mul/libsmallc.a(lib_a-writer.o)
 .debug_line    0x00000f01      0x1e2 /home/baioc/Applications/altera/nios2eds/bin/gnu/H-i686-pc-linux-gnu/bin/../lib/gcc/nios2-elf/4.1.2/../../../../nios2-elf/lib/mno-hw-mul/libsmallc.a(lib_a-int_errno.o)
 .debug_line    0x000010e3      0x23d ../led_bsp//libhal_bsp.a(alt_load.o)
 .debug_line    0x00001320      0x2e8 ../led_bsp//libhal_bsp.a(alt_main.o)
 .debug_line    0x00001608      0x23b ../led_bsp//libhal_bsp.a(alt_usleep.o)
 .debug_line    0x00001843      0x2d1 ../led_bsp//libhal_bsp.a(alt_write.o)
 .debug_line    0x00001b14      0x2ac ../led_bsp//libhal_bsp.a(alt_sys_init.o)
 .debug_line    0x00001dc0      0x31a ../led_bsp//libhal_bsp.a(altera_avalon_jtag_uart_write.o)
 .debug_line    0x000020da      0x297 ../led_bsp//libhal_bsp.a(alt_busy_sleep.o)
 .debug_line    0x00002371      0x1db ../led_bsp//libhal_bsp.a(alt_dcache_flush_all.o)
 .debug_line    0x0000254c      0x1d0 ../led_bsp//libhal_bsp.a(alt_errno.o)
 .debug_line    0x0000271c      0x1eb ../led_bsp//libhal_bsp.a(alt_icache_flush_all.o)
 .debug_line    0x00002907      0x1f4 ../led_bsp//libhal_bsp.a(altera_nios2_qsys_irq.o)
 .debug_line    0x00002afb      0x207 ../led_bsp//libhal_bsp.a(alt_icache_flush.o)
 .debug_line    0x00002d02      0x2c6 /home/baioc/Applications/altera/nios2eds/bin/gnu/H-i686-pc-linux-gnu/bin/../lib/gcc/nios2-elf/4.1.2/mno-hw-mul/libgcc.a(lib2-divmod.o)

.debug_frame    0x00000000      0x2f8
 *(.debug_frame)
 .debug_frame   0x00000000       0x28 obj/default/count.o
 .debug_frame   0x00000028       0x3c /home/baioc/Applications/altera/nios2eds/bin/gnu/H-i686-pc-linux-gnu/bin/../lib/gcc/nios2-elf/4.1.2/../../../../nios2-elf/lib/mno-hw-mul/libsmallc.a(lib_a-puts.o)
 .debug_frame   0x00000064       0x20 /home/baioc/Applications/altera/nios2eds/bin/gnu/H-i686-pc-linux-gnu/bin/../lib/gcc/nios2-elf/4.1.2/../../../../nios2-elf/lib/mno-hw-mul/libsmallc.a(lib_a-strlen.o)
 .debug_frame   0x00000084       0x30 /home/baioc/Applications/altera/nios2eds/bin/gnu/H-i686-pc-linux-gnu/bin/../lib/gcc/nios2-elf/4.1.2/../../../../nios2-elf/lib/mno-hw-mul/libsmallc.a(lib_a-fvwrite_small_dev.o)
 .debug_frame   0x000000b4       0x2c /home/baioc/Applications/altera/nios2eds/bin/gnu/H-i686-pc-linux-gnu/bin/../lib/gcc/nios2-elf/4.1.2/../../../../nios2-elf/lib/mno-hw-mul/libsmallc.a(lib_a-writer.o)
 .debug_frame   0x000000e0       0x38 ../led_bsp//libhal_bsp.a(alt_load.o)
 .debug_frame   0x00000118       0x28 ../led_bsp//libhal_bsp.a(alt_main.o)
 .debug_frame   0x00000140       0x20 ../led_bsp//libhal_bsp.a(alt_usleep.o)
 .debug_frame   0x00000160       0x28 ../led_bsp//libhal_bsp.a(alt_write.o)
 .debug_frame   0x00000188       0x38 ../led_bsp//libhal_bsp.a(alt_sys_init.o)
 .debug_frame   0x000001c0       0x20 ../led_bsp//libhal_bsp.a(altera_avalon_jtag_uart_write.o)
 .debug_frame   0x000001e0       0x28 ../led_bsp//libhal_bsp.a(alt_busy_sleep.o)
 .debug_frame   0x00000208       0x20 ../led_bsp//libhal_bsp.a(alt_dcache_flush_all.o)
 .debug_frame   0x00000228       0x20 ../led_bsp//libhal_bsp.a(alt_icache_flush_all.o)
 .debug_frame   0x00000248       0x20 ../led_bsp//libhal_bsp.a(altera_nios2_qsys_irq.o)
 .debug_frame   0x00000268       0x20 ../led_bsp//libhal_bsp.a(alt_icache_flush.o)
 .debug_frame   0x00000288       0x70 /home/baioc/Applications/altera/nios2eds/bin/gnu/H-i686-pc-linux-gnu/bin/../lib/gcc/nios2-elf/4.1.2/mno-hw-mul/libgcc.a(lib2-divmod.o)

.debug_str      0x00000000      0xc20
 *(.debug_str)
 .debug_str     0x00000000       0x94 obj/default/count.o
                                 0xd2 (size before relaxing)
 .debug_str     0x00000094      0x393 /home/baioc/Applications/altera/nios2eds/bin/gnu/H-i686-pc-linux-gnu/bin/../lib/gcc/nios2-elf/4.1.2/../../../../nios2-elf/lib/mno-hw-mul/libsmallc.a(lib_a-puts.o)
                                0x455 (size before relaxing)
 .debug_str     0x00000427       0xe7 /home/baioc/Applications/altera/nios2eds/bin/gnu/H-i686-pc-linux-gnu/bin/../lib/gcc/nios2-elf/4.1.2/../../../../nios2-elf/lib/mno-hw-mul/libsmallc.a(lib_a-strlen.o)
                                0x189 (size before relaxing)
 .debug_str     0x0000050e       0x70 /home/baioc/Applications/altera/nios2eds/bin/gnu/H-i686-pc-linux-gnu/bin/../lib/gcc/nios2-elf/4.1.2/../../../../nios2-elf/lib/mno-hw-mul/libsmallc.a(lib_a-fvwrite_small_dev.o)
                                0x46f (size before relaxing)
 .debug_str     0x0000057e       0xfd /home/baioc/Applications/altera/nios2eds/bin/gnu/H-i686-pc-linux-gnu/bin/../lib/gcc/nios2-elf/4.1.2/../../../../nios2-elf/lib/mno-hw-mul/libsmallc.a(lib_a-impure.o)
                                0x462 (size before relaxing)
 .debug_str     0x0000067b       0x4f /home/baioc/Applications/altera/nios2eds/bin/gnu/H-i686-pc-linux-gnu/bin/../lib/gcc/nios2-elf/4.1.2/../../../../nios2-elf/lib/mno-hw-mul/libsmallc.a(lib_a-writer.o)
                                0x456 (size before relaxing)
 .debug_str     0x000006ca       0x40 /home/baioc/Applications/altera/nios2eds/bin/gnu/H-i686-pc-linux-gnu/bin/../lib/gcc/nios2-elf/4.1.2/../../../../nios2-elf/lib/mno-hw-mul/libsmallc.a(lib_a-int_errno.o)
                                0x17c (size before relaxing)
 .debug_str     0x0000070a      0x125 ../led_bsp//libhal_bsp.a(alt_load.o)
                                0x1ba (size before relaxing)
 .debug_str     0x0000082f       0x70 ../led_bsp//libhal_bsp.a(alt_main.o)
                                0x13e (size before relaxing)
 .debug_str     0x0000089f       0x27 ../led_bsp//libhal_bsp.a(alt_usleep.o)
                                 0xf0 (size before relaxing)
 .debug_str     0x000008c6       0x56 ../led_bsp//libhal_bsp.a(alt_write.o)
                                0x168 (size before relaxing)
 .debug_str     0x0000091c       0x85 ../led_bsp//libhal_bsp.a(alt_sys_init.o)
                                0x1b1 (size before relaxing)
 .debug_str     0x000009a1       0x4a ../led_bsp//libhal_bsp.a(altera_avalon_jtag_uart_write.o)
                                0x1b6 (size before relaxing)
 .debug_str     0x000009eb       0x42 ../led_bsp//libhal_bsp.a(alt_busy_sleep.o)
                                0x113 (size before relaxing)
 .debug_str     0x00000a2d       0x34 ../led_bsp//libhal_bsp.a(alt_dcache_flush_all.o)
                                 0xfd (size before relaxing)
 .debug_str     0x00000a61       0x14 ../led_bsp//libhal_bsp.a(alt_errno.o)
                                 0xed (size before relaxing)
 .debug_str     0x00000a75       0x34 ../led_bsp//libhal_bsp.a(alt_icache_flush_all.o)
                                 0xfd (size before relaxing)
 .debug_str     0x00000aa9       0x3b ../led_bsp//libhal_bsp.a(altera_nios2_qsys_irq.o)
                                0x104 (size before relaxing)
 .debug_str     0x00000ae4       0x2c ../led_bsp//libhal_bsp.a(alt_icache_flush.o)
                                0x103 (size before relaxing)
 .debug_str     0x00000b10      0x110 /home/baioc/Applications/altera/nios2eds/bin/gnu/H-i686-pc-linux-gnu/bin/../lib/gcc/nios2-elf/4.1.2/mno-hw-mul/libgcc.a(lib2-divmod.o)
                                0x1b9 (size before relaxing)

.debug_loc      0x00000000      0x65b
 *(.debug_loc)
 .debug_loc     0x00000000       0x1f obj/default/count.o
 .debug_loc     0x0000001f       0xa2 /home/baioc/Applications/altera/nios2eds/bin/gnu/H-i686-pc-linux-gnu/bin/../lib/gcc/nios2-elf/4.1.2/../../../../nios2-elf/lib/mno-hw-mul/libsmallc.a(lib_a-puts.o)
 .debug_loc     0x000000c1       0x1e /home/baioc/Applications/altera/nios2eds/bin/gnu/H-i686-pc-linux-gnu/bin/../lib/gcc/nios2-elf/4.1.2/../../../../nios2-elf/lib/mno-hw-mul/libsmallc.a(lib_a-strlen.o)
 .debug_loc     0x000000df      0x162 /home/baioc/Applications/altera/nios2eds/bin/gnu/H-i686-pc-linux-gnu/bin/../lib/gcc/nios2-elf/4.1.2/../../../../nios2-elf/lib/mno-hw-mul/libsmallc.a(lib_a-fvwrite_small_dev.o)
 .debug_loc     0x00000241       0x97 /home/baioc/Applications/altera/nios2eds/bin/gnu/H-i686-pc-linux-gnu/bin/../lib/gcc/nios2-elf/4.1.2/../../../../nios2-elf/lib/mno-hw-mul/libsmallc.a(lib_a-writer.o)
 .debug_loc     0x000002d8       0x1f ../led_bsp//libhal_bsp.a(alt_load.o)
 .debug_loc     0x000002f7       0x1f ../led_bsp//libhal_bsp.a(alt_main.o)
 .debug_loc     0x00000316       0x13 ../led_bsp//libhal_bsp.a(alt_usleep.o)
 .debug_loc     0x00000329       0x9a ../led_bsp//libhal_bsp.a(alt_write.o)
 .debug_loc     0x000003c3       0x32 ../led_bsp//libhal_bsp.a(alt_sys_init.o)
 .debug_loc     0x000003f5       0x26 ../led_bsp//libhal_bsp.a(altera_avalon_jtag_uart_write.o)
 .debug_loc     0x0000041b       0x5b ../led_bsp//libhal_bsp.a(alt_busy_sleep.o)
 .debug_loc     0x00000476       0x13 ../led_bsp//libhal_bsp.a(alt_icache_flush.o)
 .debug_loc     0x00000489      0x1d2 /home/baioc/Applications/altera/nios2eds/bin/gnu/H-i686-pc-linux-gnu/bin/../lib/gcc/nios2-elf/4.1.2/mno-hw-mul/libgcc.a(lib2-divmod.o)

.debug_macinfo
 *(.debug_macinfo)

.debug_weaknames
 *(.debug_weaknames)

.debug_funcnames
 *(.debug_funcnames)

.debug_typenames
 *(.debug_typenames)

.debug_varnames
 *(.debug_varnames)

.debug_alt_sim_info
                0x00000000       0x50
 *(.debug_alt_sim_info)
 .debug_alt_sim_info
                0x00000000       0x20 ../led_bsp//obj/HAL/src/crt0.o
 .debug_alt_sim_info
                0x00000020       0x30 ../led_bsp//libhal_bsp.a(alt_busy_sleep.o)
                0x0000d000                __alt_data_end = 0xd000
                0x0000d000                PROVIDE (__alt_stack_pointer, __alt_data_end)
                0x00008844                PROVIDE (__alt_stack_limit, __alt_stack_base)
                0x00008844                PROVIDE (__alt_heap_start, end)
                0x0000d000                PROVIDE (__alt_heap_limit, 0xd000)
OUTPUT(led.elf elf32-littlenios2)

.debug_ranges   0x00000000       0x20
 .debug_ranges  0x00000000       0x20 ../led_bsp//obj/HAL/src/crt0.o
