Archive member included because of file (symbol)

/opt/altera/13.0sp1/nios2eds/bin/gnu/H-i686-pc-linux-gnu/bin/../lib/gcc/nios2-elf/4.1.2/../../../../nios2-elf/lib/mno-hw-mul/libsmallc.a(lib_a-printf.o)
                              obj/default/main.o (printf)
/opt/altera/13.0sp1/nios2eds/bin/gnu/H-i686-pc-linux-gnu/bin/../lib/gcc/nios2-elf/4.1.2/../../../../nios2-elf/lib/mno-hw-mul/libsmallc.a(lib_a-vfprintf.o)
                              /opt/altera/13.0sp1/nios2eds/bin/gnu/H-i686-pc-linux-gnu/bin/../lib/gcc/nios2-elf/4.1.2/../../../../nios2-elf/lib/mno-hw-mul/libsmallc.a(lib_a-printf.o) (___vfprintf_internal_r)
/opt/altera/13.0sp1/nios2eds/bin/gnu/H-i686-pc-linux-gnu/bin/../lib/gcc/nios2-elf/4.1.2/../../../../nios2-elf/lib/mno-hw-mul/libsmallc.a(lib_a-fvwrite_small_dev.o)
                              /opt/altera/13.0sp1/nios2eds/bin/gnu/H-i686-pc-linux-gnu/bin/../lib/gcc/nios2-elf/4.1.2/../../../../nios2-elf/lib/mno-hw-mul/libsmallc.a(lib_a-printf.o) (__sfvwrite_small_dev)
/opt/altera/13.0sp1/nios2eds/bin/gnu/H-i686-pc-linux-gnu/bin/../lib/gcc/nios2-elf/4.1.2/../../../../nios2-elf/lib/mno-hw-mul/libsmallc.a(lib_a-impure.o)
                              /opt/altera/13.0sp1/nios2eds/bin/gnu/H-i686-pc-linux-gnu/bin/../lib/gcc/nios2-elf/4.1.2/../../../../nios2-elf/lib/mno-hw-mul/libsmallc.a(lib_a-printf.o) (_impure_ptr)
/opt/altera/13.0sp1/nios2eds/bin/gnu/H-i686-pc-linux-gnu/bin/../lib/gcc/nios2-elf/4.1.2/../../../../nios2-elf/lib/mno-hw-mul/libsmallc.a(lib_a-strlen.o)
                              /opt/altera/13.0sp1/nios2eds/bin/gnu/H-i686-pc-linux-gnu/bin/../lib/gcc/nios2-elf/4.1.2/../../../../nios2-elf/lib/mno-hw-mul/libsmallc.a(lib_a-vfprintf.o) (strlen)
/opt/altera/13.0sp1/nios2eds/bin/gnu/H-i686-pc-linux-gnu/bin/../lib/gcc/nios2-elf/4.1.2/../../../../nios2-elf/lib/mno-hw-mul/libsmallc.a(lib_a-writer.o)
                              /opt/altera/13.0sp1/nios2eds/bin/gnu/H-i686-pc-linux-gnu/bin/../lib/gcc/nios2-elf/4.1.2/../../../../nios2-elf/lib/mno-hw-mul/libsmallc.a(lib_a-fvwrite_small_dev.o) (_write_r)
/opt/altera/13.0sp1/nios2eds/bin/gnu/H-i686-pc-linux-gnu/bin/../lib/gcc/nios2-elf/4.1.2/../../../../nios2-elf/lib/mno-hw-mul/libsmallc.a(lib_a-int_errno.o)
                              /opt/altera/13.0sp1/nios2eds/bin/gnu/H-i686-pc-linux-gnu/bin/../lib/gcc/nios2-elf/4.1.2/../../../../nios2-elf/lib/mno-hw-mul/libsmallc.a(lib_a-writer.o) (errno)
/opt/altera/13.0sp1/nios2eds/bin/gnu/H-i686-pc-linux-gnu/bin/../lib/gcc/nios2-elf/4.1.2/mno-hw-mul/libgcc.a(lib2-divmod.o)
                              /opt/altera/13.0sp1/nios2eds/bin/gnu/H-i686-pc-linux-gnu/bin/../lib/gcc/nios2-elf/4.1.2/../../../../nios2-elf/lib/mno-hw-mul/libsmallc.a(lib_a-vfprintf.o) (__udivsi3)
/opt/altera/13.0sp1/nios2eds/bin/gnu/H-i686-pc-linux-gnu/bin/../lib/gcc/nios2-elf/4.1.2/mno-hw-mul/libgcc.a(lib2-mul.o)
                              /opt/altera/13.0sp1/nios2eds/bin/gnu/H-i686-pc-linux-gnu/bin/../lib/gcc/nios2-elf/4.1.2/../../../../nios2-elf/lib/mno-hw-mul/libsmallc.a(lib_a-vfprintf.o) (__mulsi3)
../fibonacci_bsp//libhal_bsp.a(alt_load.o)
                              ../fibonacci_bsp//obj/HAL/src/crt0.o (alt_load)
../fibonacci_bsp//libhal_bsp.a(alt_main.o)
                              ../fibonacci_bsp//obj/HAL/src/crt0.o (alt_main)
../fibonacci_bsp//libhal_bsp.a(alt_write.o)
                              /opt/altera/13.0sp1/nios2eds/bin/gnu/H-i686-pc-linux-gnu/bin/../lib/gcc/nios2-elf/4.1.2/../../../../nios2-elf/lib/mno-hw-mul/libsmallc.a(lib_a-writer.o) (write)
../fibonacci_bsp//libhal_bsp.a(alt_sys_init.o)
                              ../fibonacci_bsp//libhal_bsp.a(alt_main.o) (alt_sys_init)
../fibonacci_bsp//libhal_bsp.a(altera_avalon_jtag_uart_write.o)
                              ../fibonacci_bsp//libhal_bsp.a(alt_write.o) (altera_avalon_jtag_uart_write)
../fibonacci_bsp//libhal_bsp.a(alt_dcache_flush_all.o)
                              ../fibonacci_bsp//libhal_bsp.a(alt_load.o) (alt_dcache_flush_all)
../fibonacci_bsp//libhal_bsp.a(alt_errno.o)
                              ../fibonacci_bsp//libhal_bsp.a(alt_write.o) (alt_errno)
../fibonacci_bsp//libhal_bsp.a(alt_icache_flush_all.o)
                              ../fibonacci_bsp//libhal_bsp.a(alt_load.o) (alt_icache_flush_all)
../fibonacci_bsp//libhal_bsp.a(altera_nios2_qsys_irq.o)
                              ../fibonacci_bsp//libhal_bsp.a(alt_sys_init.o) (altera_nios2_qsys_irq_init)
../fibonacci_bsp//libhal_bsp.a(alt_icache_flush.o)
                              ../fibonacci_bsp//libhal_bsp.a(alt_icache_flush_all.o) (alt_icache_flush)

Allocating common symbols
Common symbol       size              file

errno               0x4               /opt/altera/13.0sp1/nios2eds/bin/gnu/H-i686-pc-linux-gnu/bin/../lib/gcc/nios2-elf/4.1.2/../../../../nios2-elf/lib/mno-hw-mul/libsmallc.a(lib_a-int_errno.o)

Memory Configuration

Name             Origin             Length             Attributes
reset            0x00024000         0x00000020
onchip_mem_nios2 0x00024020         0x000027e0
*default*        0x00000000         0xffffffff

Linker script and memory map

LOAD ../fibonacci_bsp//obj/HAL/src/crt0.o
                0x0002401c                exit = _exit
LOAD obj/default/main.o
LOAD /opt/altera/13.0sp1/nios2eds/bin/gnu/H-i686-pc-linux-gnu/bin/../lib/gcc/nios2-elf/4.1.2/../../../../nios2-elf/lib/mno-hw-mul/libstdc++.a
LOAD /opt/altera/13.0sp1/nios2eds/bin/gnu/H-i686-pc-linux-gnu/bin/../lib/gcc/nios2-elf/4.1.2/../../../../nios2-elf/lib/mno-hw-mul/libm.a
LOAD /opt/altera/13.0sp1/nios2eds/bin/gnu/H-i686-pc-linux-gnu/bin/../lib/gcc/nios2-elf/4.1.2/mno-hw-mul/libgcc.a
START GROUP
LOAD /opt/altera/13.0sp1/nios2eds/bin/gnu/H-i686-pc-linux-gnu/bin/../lib/gcc/nios2-elf/4.1.2/../../../../nios2-elf/lib/mno-hw-mul/libsmallc.a
LOAD /opt/altera/13.0sp1/nios2eds/bin/gnu/H-i686-pc-linux-gnu/bin/../lib/gcc/nios2-elf/4.1.2/mno-hw-mul/libgcc.a
LOAD ../fibonacci_bsp//libhal_bsp.a
END GROUP
LOAD /opt/altera/13.0sp1/nios2eds/bin/gnu/H-i686-pc-linux-gnu/bin/../lib/gcc/nios2-elf/4.1.2/mno-hw-mul/libgcc.a
                0x00024000                __alt_mem_onchip_mem_nios2 = 0x24000

.entry          0x00024000       0x20
 *(.entry)
 .entry         0x00024000       0x20 ../fibonacci_bsp//obj/HAL/src/crt0.o
                0x00024000                __reset
                0x0002401c                _exit

.exceptions     0x00024020        0x0
                0x00024020                PROVIDE (__ram_exceptions_start, ABSOLUTE (.))
                0x00024020                . = ALIGN (0x20)
 *(.irq)
 *(.exceptions.entry.label)
 *(.exceptions.entry.user)
 *(.exceptions.entry)
 *(.exceptions.irqtest.user)
 *(.exceptions.irqtest)
 *(.exceptions.irqhandler.user)
 *(.exceptions.irqhandler)
 *(.exceptions.irqreturn.user)
 *(.exceptions.irqreturn)
 *(.exceptions.notirq.label)
 *(.exceptions.notirq.user)
 *(.exceptions.notirq)
 *(.exceptions.soft.user)
 *(.exceptions.soft)
 *(.exceptions.unknown.user)
 *(.exceptions.unknown)
 *(.exceptions.exit.label)
 *(.exceptions.exit.user)
 *(.exceptions.exit)
 *(.exceptions)
                0x00024020                PROVIDE (__ram_exceptions_end, ABSOLUTE (.))
                0x00024020                PROVIDE (__flash_exceptions_start, LOADADDR (.exceptions))

.text           0x00024020      0xd18
                0x00024020                PROVIDE (stext, ABSOLUTE (.))
 *(.interp)
 *(.hash)
 *(.dynsym)
 *(.dynstr)
 *(.gnu.version)
 *(.gnu.version_d)
 *(.gnu.version_r)
 *(.rel.init)
 *(.rela.init)
 *(.rel.text .rel.text.* .rel.gnu.linkonce.t.*)
 *(.rela.text .rela.text.* .rela.gnu.linkonce.t.*)
 *(.rel.fini)
 *(.rela.fini)
 *(.rel.rodata .rel.rodata.* .rel.gnu.linkonce.r.*)
 *(.rela.rodata .rela.rodata.* .rela.gnu.linkonce.r.*)
 *(.rel.data .rel.data.* .rel.gnu.linkonce.d.*)
 *(.rela.data .rela.data.* .rela.gnu.linkonce.d.*)
 *(.rel.tdata .rel.tdata.* .rel.gnu.linkonce.td.*)
 *(.rela.tdata .rela.tdata.* .rela.gnu.linkonce.td.*)
 *(.rel.tbss .rel.tbss.* .rel.gnu.linkonce.tb.*)
 *(.rela.tbss .rela.tbss.* .rela.gnu.linkonce.tb.*)
 *(.rel.ctors)
 *(.rela.ctors)
 *(.rel.dtors)
 *(.rela.dtors)
 *(.rel.got)
 *(.rela.got)
 *(.rel.sdata .rel.sdata.* .rel.gnu.linkonce.s.*)
 *(.rela.sdata .rela.sdata.* .rela.gnu.linkonce.s.*)
 *(.rel.sbss .rel.sbss.* .rel.gnu.linkonce.sb.*)
 *(.rela.sbss .rela.sbss.* .rela.gnu.linkonce.sb.*)
 *(.rel.sdata2 .rel.sdata2.* .rel.gnu.linkonce.s2.*)
 *(.rela.sdata2 .rela.sdata2.* .rela.gnu.linkonce.s2.*)
 *(.rel.sbss2 .rel.sbss2.* .rel.gnu.linkonce.sb2.*)
 *(.rela.sbss2 .rela.sbss2.* .rela.gnu.linkonce.sb2.*)
 *(.rel.bss .rel.bss.* .rel.gnu.linkonce.b.*)
 *(.rela.bss .rela.bss.* .rela.gnu.linkonce.b.*)
 *(.rel.plt)
 *(.rela.plt)
 *(.rel.dyn)
 *(.init)
 *(.plt)
 *(.text .stub .text.* .gnu.linkonce.t.*)
 .text          0x00024020       0x3c ../fibonacci_bsp//obj/HAL/src/crt0.o
                0x00024020                _start
 .text          0x0002405c       0x54 obj/default/main.o
                0x0002405c                main
 .text          0x000240b0       0x98 /opt/altera/13.0sp1/nios2eds/bin/gnu/H-i686-pc-linux-gnu/bin/../lib/gcc/nios2-elf/4.1.2/../../../../nios2-elf/lib/mno-hw-mul/libsmallc.a(lib_a-printf.o)
                0x000240b0                printf
                0x00024104                _printf_r
 .text          0x00024148      0x740 /opt/altera/13.0sp1/nios2eds/bin/gnu/H-i686-pc-linux-gnu/bin/../lib/gcc/nios2-elf/4.1.2/../../../../nios2-elf/lib/mno-hw-mul/libsmallc.a(lib_a-vfprintf.o)
                0x000241c8                ___vfprintf_internal_r
                0x00024864                __vfprintf_internal
 .text          0x00024888       0xbc /opt/altera/13.0sp1/nios2eds/bin/gnu/H-i686-pc-linux-gnu/bin/../lib/gcc/nios2-elf/4.1.2/../../../../nios2-elf/lib/mno-hw-mul/libsmallc.a(lib_a-fvwrite_small_dev.o)
                0x00024888                __sfvwrite_small_dev
 .text          0x00024944        0x0 /opt/altera/13.0sp1/nios2eds/bin/gnu/H-i686-pc-linux-gnu/bin/../lib/gcc/nios2-elf/4.1.2/../../../../nios2-elf/lib/mno-hw-mul/libsmallc.a(lib_a-impure.o)
 .text          0x00024944       0x20 /opt/altera/13.0sp1/nios2eds/bin/gnu/H-i686-pc-linux-gnu/bin/../lib/gcc/nios2-elf/4.1.2/../../../../nios2-elf/lib/mno-hw-mul/libsmallc.a(lib_a-strlen.o)
                0x00024944                strlen
 .text          0x00024964       0x78 /opt/altera/13.0sp1/nios2eds/bin/gnu/H-i686-pc-linux-gnu/bin/../lib/gcc/nios2-elf/4.1.2/../../../../nios2-elf/lib/mno-hw-mul/libsmallc.a(lib_a-writer.o)
                0x00024964                _write_r
 .text          0x000249dc        0x0 /opt/altera/13.0sp1/nios2eds/bin/gnu/H-i686-pc-linux-gnu/bin/../lib/gcc/nios2-elf/4.1.2/../../../../nios2-elf/lib/mno-hw-mul/libsmallc.a(lib_a-int_errno.o)
 .text          0x000249dc      0x14c /opt/altera/13.0sp1/nios2eds/bin/gnu/H-i686-pc-linux-gnu/bin/../lib/gcc/nios2-elf/4.1.2/mno-hw-mul/libgcc.a(lib2-divmod.o)
                0x00024a58                __divsi3
                0x00024ab8                __modsi3
                0x00024b18                __udivsi3
                0x00024b20                __umodsi3
 .text          0x00024b28       0x38 /opt/altera/13.0sp1/nios2eds/bin/gnu/H-i686-pc-linux-gnu/bin/../lib/gcc/nios2-elf/4.1.2/mno-hw-mul/libgcc.a(lib2-mul.o)
                0x00024b28                __mulsi3
 .text          0x00024b60       0x8c ../fibonacci_bsp//libhal_bsp.a(alt_load.o)
                0x00024b80                alt_load
 .text          0x00024bec       0x2c ../fibonacci_bsp//libhal_bsp.a(alt_main.o)
                0x00024bec                alt_main
 .text          0x00024c18       0x78 ../fibonacci_bsp//libhal_bsp.a(alt_write.o)
                0x00024c18                write
 .text          0x00024c90       0x24 ../fibonacci_bsp//libhal_bsp.a(alt_sys_init.o)
                0x00024c90                alt_sys_init
                0x00024c94                alt_irq_init
 .text          0x00024cb4       0x34 ../fibonacci_bsp//libhal_bsp.a(altera_avalon_jtag_uart_write.o)
                0x00024cb4                altera_avalon_jtag_uart_write
 .text          0x00024ce8        0x4 ../fibonacci_bsp//libhal_bsp.a(alt_dcache_flush_all.o)
                0x00024ce8                alt_dcache_flush_all
 .text          0x00024cec        0x0 ../fibonacci_bsp//libhal_bsp.a(alt_errno.o)
 .text          0x00024cec        0xc ../fibonacci_bsp//libhal_bsp.a(alt_icache_flush_all.o)
                0x00024cec                alt_icache_flush_all
 .text          0x00024cf8        0x8 ../fibonacci_bsp//libhal_bsp.a(altera_nios2_qsys_irq.o)
                0x00024cf8                altera_nios2_qsys_irq_init
 .text          0x00024d00       0x38 ../fibonacci_bsp//libhal_bsp.a(alt_icache_flush.o)
                0x00024d00                alt_icache_flush
 *(.gnu.warning.*)
 *(.fini)
                0x00024d38                PROVIDE (__etext, ABSOLUTE (.))
                0x00024d38                PROVIDE (_etext, ABSOLUTE (.))
                0x00024d38                PROVIDE (etext, ABSOLUTE (.))
 *(.eh_frame_hdr)
                0x00024d38                . = ALIGN (0x4)
                0x00024d38                PROVIDE (__preinit_array_start, ABSOLUTE (.))
 *(.preinit_array)
                0x00024d38                PROVIDE (__preinit_array_end, ABSOLUTE (.))
                0x00024d38                PROVIDE (__init_array_start, ABSOLUTE (.))
 *(.init_array)
                0x00024d38                PROVIDE (__init_array_end, ABSOLUTE (.))
                0x00024d38                PROVIDE (__fini_array_start, ABSOLUTE (.))
 *(.fini_array)
                0x00024d38                PROVIDE (__fini_array_end, ABSOLUTE (.))
 *(.eh_frame)
 *(.gcc_except_table)
 *(.dynamic)
                0x00024d38                PROVIDE (__CTOR_LIST__, ABSOLUTE (.))
 *(.ctors)
 *(SORT(.ctors.*))
                0x00024d38                PROVIDE (__CTOR_END__, ABSOLUTE (.))
                0x00024d38                PROVIDE (__DTOR_LIST__, ABSOLUTE (.))
 *(.dtors)
 *(SORT(.dtors.*))
                0x00024d38                PROVIDE (__DTOR_END__, ABSOLUTE (.))
 *(.jcr)
                0x00024d38                . = ALIGN (0x4)

.rodata         0x00024d38       0x10
                0x00024d38                PROVIDE (__ram_rodata_start, ABSOLUTE (.))
                0x00024d38                . = ALIGN (0x4)
 *(.rodata .rodata.* .gnu.linkonce.r.*)
 .rodata.str1.4
                0x00024d38       0x10 obj/default/main.o
 *(.rodata1)
                0x00024d48                . = ALIGN (0x4)
                0x00024d48                PROVIDE (__ram_rodata_end, ABSOLUTE (.))
                0x00024d38                PROVIDE (__flash_rodata_start, LOADADDR (.rodata))

.rwdata         0x00024d48       0xf4 load address 0x00024e3c
                0x00024d48                PROVIDE (__ram_rwdata_start, ABSOLUTE (.))
                0x00024d48                . = ALIGN (0x4)
 *(.got.plt)
 *(.got)
 *(.data1)
 *(.data .data.* .gnu.linkonce.d.*)
 .data          0x00024d48        0x0 ../fibonacci_bsp//obj/HAL/src/crt0.o
 .data          0x00024d48        0x0 obj/default/main.o
 .data          0x00024d48        0x0 /opt/altera/13.0sp1/nios2eds/bin/gnu/H-i686-pc-linux-gnu/bin/../lib/gcc/nios2-elf/4.1.2/../../../../nios2-elf/lib/mno-hw-mul/libsmallc.a(lib_a-printf.o)
 .data          0x00024d48        0x0 /opt/altera/13.0sp1/nios2eds/bin/gnu/H-i686-pc-linux-gnu/bin/../lib/gcc/nios2-elf/4.1.2/../../../../nios2-elf/lib/mno-hw-mul/libsmallc.a(lib_a-vfprintf.o)
 .data          0x00024d48        0x0 /opt/altera/13.0sp1/nios2eds/bin/gnu/H-i686-pc-linux-gnu/bin/../lib/gcc/nios2-elf/4.1.2/../../../../nios2-elf/lib/mno-hw-mul/libsmallc.a(lib_a-fvwrite_small_dev.o)
 .data          0x00024d48       0xe0 /opt/altera/13.0sp1/nios2eds/bin/gnu/H-i686-pc-linux-gnu/bin/../lib/gcc/nios2-elf/4.1.2/../../../../nios2-elf/lib/mno-hw-mul/libsmallc.a(lib_a-impure.o)
 .data          0x00024e28        0x0 /opt/altera/13.0sp1/nios2eds/bin/gnu/H-i686-pc-linux-gnu/bin/../lib/gcc/nios2-elf/4.1.2/../../../../nios2-elf/lib/mno-hw-mul/libsmallc.a(lib_a-strlen.o)
 .data          0x00024e28        0x0 /opt/altera/13.0sp1/nios2eds/bin/gnu/H-i686-pc-linux-gnu/bin/../lib/gcc/nios2-elf/4.1.2/../../../../nios2-elf/lib/mno-hw-mul/libsmallc.a(lib_a-writer.o)
 .data          0x00024e28        0x0 /opt/altera/13.0sp1/nios2eds/bin/gnu/H-i686-pc-linux-gnu/bin/../lib/gcc/nios2-elf/4.1.2/../../../../nios2-elf/lib/mno-hw-mul/libsmallc.a(lib_a-int_errno.o)
 .data          0x00024e28        0x0 /opt/altera/13.0sp1/nios2eds/bin/gnu/H-i686-pc-linux-gnu/bin/../lib/gcc/nios2-elf/4.1.2/mno-hw-mul/libgcc.a(lib2-divmod.o)
 .data          0x00024e28        0x0 /opt/altera/13.0sp1/nios2eds/bin/gnu/H-i686-pc-linux-gnu/bin/../lib/gcc/nios2-elf/4.1.2/mno-hw-mul/libgcc.a(lib2-mul.o)
 .data          0x00024e28        0x0 ../fibonacci_bsp//libhal_bsp.a(alt_load.o)
 .data          0x00024e28        0x0 ../fibonacci_bsp//libhal_bsp.a(alt_main.o)
 .data          0x00024e28        0x0 ../fibonacci_bsp//libhal_bsp.a(alt_write.o)
 .data          0x00024e28        0x0 ../fibonacci_bsp//libhal_bsp.a(alt_sys_init.o)
 .data          0x00024e28        0x0 ../fibonacci_bsp//libhal_bsp.a(altera_avalon_jtag_uart_write.o)
 .data          0x00024e28        0x0 ../fibonacci_bsp//libhal_bsp.a(alt_dcache_flush_all.o)
 .data          0x00024e28        0x0 ../fibonacci_bsp//libhal_bsp.a(alt_errno.o)
 .data          0x00024e28        0x0 ../fibonacci_bsp//libhal_bsp.a(alt_icache_flush_all.o)
 .data          0x00024e28        0x0 ../fibonacci_bsp//libhal_bsp.a(altera_nios2_qsys_irq.o)
 .data          0x00024e28        0x0 ../fibonacci_bsp//libhal_bsp.a(alt_icache_flush.o)
                0x0002ce28                _gp = ABSOLUTE ((. + 0x8000))
                0x0002ce28                PROVIDE (gp, _gp)
 *(.rwdata .rwdata.*)
 *(.sdata .sdata.* .gnu.linkonce.s.*)
 .sdata         0x00024e28        0x4 obj/default/main.o
                0x00024e28                LIMIT
 .sdata         0x00024e2c        0x8 /opt/altera/13.0sp1/nios2eds/bin/gnu/H-i686-pc-linux-gnu/bin/../lib/gcc/nios2-elf/4.1.2/../../../../nios2-elf/lib/mno-hw-mul/libsmallc.a(lib_a-impure.o)
                0x00024e2c                _impure_ptr
                0x00024e30                _global_impure_ptr
 .sdata         0x00024e34        0x4 ../fibonacci_bsp//libhal_bsp.a(alt_sys_init.o)
                0x00024e34                jtag_uart
 .sdata         0x00024e38        0x4 ../fibonacci_bsp//libhal_bsp.a(alt_errno.o)
                0x00024e38                alt_errno
 *(.sdata2 .sdata2.* .gnu.linkonce.s2.*)
                0x00024e3c                . = ALIGN (0x4)
                0x00024e3c                _edata = ABSOLUTE (.)
                0x00024e3c                PROVIDE (edata, ABSOLUTE (.))
                0x00024e3c                PROVIDE (__ram_rwdata_end, ABSOLUTE (.))
                0x00024e3c                PROVIDE (__flash_rwdata_start, LOADADDR (.rwdata))

.bss            0x00024f30       0x10
                0x00024f30                __bss_start = ABSOLUTE (.)
                0x00024f30                PROVIDE (__sbss_start, ABSOLUTE (.))
                0x00024f30                PROVIDE (___sbss_start, ABSOLUTE (.))
 *(.dynsbss)
 *(.sbss .sbss.* .gnu.linkonce.sb.*)
 .sbss          0x00024f30        0x4 /opt/altera/13.0sp1/nios2eds/bin/gnu/H-i686-pc-linux-gnu/bin/../lib/gcc/nios2-elf/4.1.2/../../../../nios2-elf/lib/mno-hw-mul/libsmallc.a(lib_a-int_errno.o)
                0x00024f30                errno
 .sbss          0x00024f34        0xc ../fibonacci_bsp//libhal_bsp.a(alt_main.o)
                0x00024f34                alt_argc
                0x00024f38                alt_argv
                0x00024f3c                alt_envp
 *(.sbss2 .sbss2.* .gnu.linkonce.sb2.*)
 *(.scommon)
                0x00024f40                PROVIDE (__sbss_end, ABSOLUTE (.))
                0x00024f40                PROVIDE (___sbss_end, ABSOLUTE (.))
 *(.dynbss)
 *(.bss .bss.* .gnu.linkonce.b.*)
 .bss           0x00024f40        0x0 ../fibonacci_bsp//obj/HAL/src/crt0.o
 .bss           0x00024f40        0x0 obj/default/main.o
 .bss           0x00024f40        0x0 /opt/altera/13.0sp1/nios2eds/bin/gnu/H-i686-pc-linux-gnu/bin/../lib/gcc/nios2-elf/4.1.2/../../../../nios2-elf/lib/mno-hw-mul/libsmallc.a(lib_a-printf.o)
 .bss           0x00024f40        0x0 /opt/altera/13.0sp1/nios2eds/bin/gnu/H-i686-pc-linux-gnu/bin/../lib/gcc/nios2-elf/4.1.2/../../../../nios2-elf/lib/mno-hw-mul/libsmallc.a(lib_a-vfprintf.o)
 .bss           0x00024f40        0x0 /opt/altera/13.0sp1/nios2eds/bin/gnu/H-i686-pc-linux-gnu/bin/../lib/gcc/nios2-elf/4.1.2/../../../../nios2-elf/lib/mno-hw-mul/libsmallc.a(lib_a-fvwrite_small_dev.o)
 .bss           0x00024f40        0x0 /opt/altera/13.0sp1/nios2eds/bin/gnu/H-i686-pc-linux-gnu/bin/../lib/gcc/nios2-elf/4.1.2/../../../../nios2-elf/lib/mno-hw-mul/libsmallc.a(lib_a-impure.o)
 .bss           0x00024f40        0x0 /opt/altera/13.0sp1/nios2eds/bin/gnu/H-i686-pc-linux-gnu/bin/../lib/gcc/nios2-elf/4.1.2/../../../../nios2-elf/lib/mno-hw-mul/libsmallc.a(lib_a-strlen.o)
 .bss           0x00024f40        0x0 /opt/altera/13.0sp1/nios2eds/bin/gnu/H-i686-pc-linux-gnu/bin/../lib/gcc/nios2-elf/4.1.2/../../../../nios2-elf/lib/mno-hw-mul/libsmallc.a(lib_a-writer.o)
 .bss           0x00024f40        0x0 /opt/altera/13.0sp1/nios2eds/bin/gnu/H-i686-pc-linux-gnu/bin/../lib/gcc/nios2-elf/4.1.2/../../../../nios2-elf/lib/mno-hw-mul/libsmallc.a(lib_a-int_errno.o)
 .bss           0x00024f40        0x0 /opt/altera/13.0sp1/nios2eds/bin/gnu/H-i686-pc-linux-gnu/bin/../lib/gcc/nios2-elf/4.1.2/mno-hw-mul/libgcc.a(lib2-divmod.o)
 .bss           0x00024f40        0x0 /opt/altera/13.0sp1/nios2eds/bin/gnu/H-i686-pc-linux-gnu/bin/../lib/gcc/nios2-elf/4.1.2/mno-hw-mul/libgcc.a(lib2-mul.o)
 .bss           0x00024f40        0x0 ../fibonacci_bsp//libhal_bsp.a(alt_load.o)
 .bss           0x00024f40        0x0 ../fibonacci_bsp//libhal_bsp.a(alt_main.o)
 .bss           0x00024f40        0x0 ../fibonacci_bsp//libhal_bsp.a(alt_write.o)
 .bss           0x00024f40        0x0 ../fibonacci_bsp//libhal_bsp.a(alt_sys_init.o)
 .bss           0x00024f40        0x0 ../fibonacci_bsp//libhal_bsp.a(altera_avalon_jtag_uart_write.o)
 .bss           0x00024f40        0x0 ../fibonacci_bsp//libhal_bsp.a(alt_dcache_flush_all.o)
 .bss           0x00024f40        0x0 ../fibonacci_bsp//libhal_bsp.a(alt_errno.o)
 .bss           0x00024f40        0x0 ../fibonacci_bsp//libhal_bsp.a(alt_icache_flush_all.o)
 .bss           0x00024f40        0x0 ../fibonacci_bsp//libhal_bsp.a(altera_nios2_qsys_irq.o)
 .bss           0x00024f40        0x0 ../fibonacci_bsp//libhal_bsp.a(alt_icache_flush.o)
 *(COMMON)
                0x00024f40                . = ALIGN (0x4)
                0x00024f40                __bss_end = ABSOLUTE (.)

.onchip_mem_nios2
                0x00024f40        0x0
                0x00024f40                PROVIDE (_alt_partition_onchip_mem_nios2_start, ABSOLUTE (.))
 *(.onchip_mem_nios2. onchip_mem_nios2.*)
                0x00024f40                . = ALIGN (0x4)
                0x00024f40                PROVIDE (_alt_partition_onchip_mem_nios2_end, ABSOLUTE (.))
                0x00024f40                _end = ABSOLUTE (.)
                0x00024f40                end = ABSOLUTE (.)
                0x00024f40                __alt_stack_base = ABSOLUTE (.)
                0x00024f40                PROVIDE (_alt_partition_onchip_mem_nios2_load_addr, LOADADDR (.onchip_mem_nios2))

.stab
 *(.stab)

.stabstr
 *(.stabstr)

.stab.excl
 *(.stab.excl)

.stab.exclstr
 *(.stab.exclstr)

.stab.index
 *(.stab.index)

.stab.indexstr
 *(.stab.indexstr)

.comment        0x00000000       0x26
 *(.comment)
 .comment       0x00000000       0x26 obj/default/main.o
                                 0x27 (size before relaxing)
 .comment       0x00000000       0x27 /opt/altera/13.0sp1/nios2eds/bin/gnu/H-i686-pc-linux-gnu/bin/../lib/gcc/nios2-elf/4.1.2/../../../../nios2-elf/lib/mno-hw-mul/libsmallc.a(lib_a-printf.o)
 .comment       0x00000000       0x27 /opt/altera/13.0sp1/nios2eds/bin/gnu/H-i686-pc-linux-gnu/bin/../lib/gcc/nios2-elf/4.1.2/../../../../nios2-elf/lib/mno-hw-mul/libsmallc.a(lib_a-vfprintf.o)
 .comment       0x00000000       0x27 /opt/altera/13.0sp1/nios2eds/bin/gnu/H-i686-pc-linux-gnu/bin/../lib/gcc/nios2-elf/4.1.2/../../../../nios2-elf/lib/mno-hw-mul/libsmallc.a(lib_a-fvwrite_small_dev.o)
 .comment       0x00000000       0x27 /opt/altera/13.0sp1/nios2eds/bin/gnu/H-i686-pc-linux-gnu/bin/../lib/gcc/nios2-elf/4.1.2/../../../../nios2-elf/lib/mno-hw-mul/libsmallc.a(lib_a-impure.o)
 .comment       0x00000000       0x27 /opt/altera/13.0sp1/nios2eds/bin/gnu/H-i686-pc-linux-gnu/bin/../lib/gcc/nios2-elf/4.1.2/../../../../nios2-elf/lib/mno-hw-mul/libsmallc.a(lib_a-strlen.o)
 .comment       0x00000000       0x27 /opt/altera/13.0sp1/nios2eds/bin/gnu/H-i686-pc-linux-gnu/bin/../lib/gcc/nios2-elf/4.1.2/../../../../nios2-elf/lib/mno-hw-mul/libsmallc.a(lib_a-writer.o)
 .comment       0x00000000       0x27 /opt/altera/13.0sp1/nios2eds/bin/gnu/H-i686-pc-linux-gnu/bin/../lib/gcc/nios2-elf/4.1.2/../../../../nios2-elf/lib/mno-hw-mul/libsmallc.a(lib_a-int_errno.o)
 .comment       0x00000000       0x27 /opt/altera/13.0sp1/nios2eds/bin/gnu/H-i686-pc-linux-gnu/bin/../lib/gcc/nios2-elf/4.1.2/mno-hw-mul/libgcc.a(lib2-divmod.o)
 .comment       0x00000000       0x27 /opt/altera/13.0sp1/nios2eds/bin/gnu/H-i686-pc-linux-gnu/bin/../lib/gcc/nios2-elf/4.1.2/mno-hw-mul/libgcc.a(lib2-mul.o)
 .comment       0x00000000       0x27 ../fibonacci_bsp//libhal_bsp.a(alt_load.o)
 .comment       0x00000000       0x27 ../fibonacci_bsp//libhal_bsp.a(alt_main.o)
 .comment       0x00000000       0x27 ../fibonacci_bsp//libhal_bsp.a(alt_write.o)
 .comment       0x00000000       0x27 ../fibonacci_bsp//libhal_bsp.a(alt_sys_init.o)
 .comment       0x00000000       0x27 ../fibonacci_bsp//libhal_bsp.a(altera_avalon_jtag_uart_write.o)
 .comment       0x00000000       0x27 ../fibonacci_bsp//libhal_bsp.a(alt_dcache_flush_all.o)
 .comment       0x00000000       0x27 ../fibonacci_bsp//libhal_bsp.a(alt_errno.o)
 .comment       0x00000000       0x27 ../fibonacci_bsp//libhal_bsp.a(alt_icache_flush_all.o)
 .comment       0x00000000       0x27 ../fibonacci_bsp//libhal_bsp.a(altera_nios2_qsys_irq.o)
 .comment       0x00000000       0x27 ../fibonacci_bsp//libhal_bsp.a(alt_icache_flush.o)

.debug
 *(.debug)

.line
 *(.line)

.debug_srcinfo
 *(.debug_srcinfo)

.debug_sfnames
 *(.debug_sfnames)

.debug_aranges  0x00000000      0x248
 *(.debug_aranges)
 .debug_aranges
                0x00000000       0x28 ../fibonacci_bsp//obj/HAL/src/crt0.o
 .debug_aranges
                0x00000028       0x20 obj/default/main.o
 .debug_aranges
                0x00000048       0x20 /opt/altera/13.0sp1/nios2eds/bin/gnu/H-i686-pc-linux-gnu/bin/../lib/gcc/nios2-elf/4.1.2/../../../../nios2-elf/lib/mno-hw-mul/libsmallc.a(lib_a-printf.o)
 .debug_aranges
                0x00000068       0x20 /opt/altera/13.0sp1/nios2eds/bin/gnu/H-i686-pc-linux-gnu/bin/../lib/gcc/nios2-elf/4.1.2/../../../../nios2-elf/lib/mno-hw-mul/libsmallc.a(lib_a-vfprintf.o)
 .debug_aranges
                0x00000088       0x20 /opt/altera/13.0sp1/nios2eds/bin/gnu/H-i686-pc-linux-gnu/bin/../lib/gcc/nios2-elf/4.1.2/../../../../nios2-elf/lib/mno-hw-mul/libsmallc.a(lib_a-fvwrite_small_dev.o)
 .debug_aranges
                0x000000a8       0x20 /opt/altera/13.0sp1/nios2eds/bin/gnu/H-i686-pc-linux-gnu/bin/../lib/gcc/nios2-elf/4.1.2/../../../../nios2-elf/lib/mno-hw-mul/libsmallc.a(lib_a-strlen.o)
 .debug_aranges
                0x000000c8       0x20 /opt/altera/13.0sp1/nios2eds/bin/gnu/H-i686-pc-linux-gnu/bin/../lib/gcc/nios2-elf/4.1.2/../../../../nios2-elf/lib/mno-hw-mul/libsmallc.a(lib_a-writer.o)
 .debug_aranges
                0x000000e8       0x20 /opt/altera/13.0sp1/nios2eds/bin/gnu/H-i686-pc-linux-gnu/bin/../lib/gcc/nios2-elf/4.1.2/mno-hw-mul/libgcc.a(lib2-divmod.o)
 .debug_aranges
                0x00000108       0x20 /opt/altera/13.0sp1/nios2eds/bin/gnu/H-i686-pc-linux-gnu/bin/../lib/gcc/nios2-elf/4.1.2/mno-hw-mul/libgcc.a(lib2-mul.o)
 .debug_aranges
                0x00000128       0x20 ../fibonacci_bsp//libhal_bsp.a(alt_load.o)
 .debug_aranges
                0x00000148       0x20 ../fibonacci_bsp//libhal_bsp.a(alt_main.o)
 .debug_aranges
                0x00000168       0x20 ../fibonacci_bsp//libhal_bsp.a(alt_write.o)
 .debug_aranges
                0x00000188       0x20 ../fibonacci_bsp//libhal_bsp.a(alt_sys_init.o)
 .debug_aranges
                0x000001a8       0x20 ../fibonacci_bsp//libhal_bsp.a(altera_avalon_jtag_uart_write.o)
 .debug_aranges
                0x000001c8       0x20 ../fibonacci_bsp//libhal_bsp.a(alt_dcache_flush_all.o)
 .debug_aranges
                0x000001e8       0x20 ../fibonacci_bsp//libhal_bsp.a(alt_icache_flush_all.o)
 .debug_aranges
                0x00000208       0x20 ../fibonacci_bsp//libhal_bsp.a(altera_nios2_qsys_irq.o)
 .debug_aranges
                0x00000228       0x20 ../fibonacci_bsp//libhal_bsp.a(alt_icache_flush.o)

.debug_pubnames
                0x00000000      0x37d
 *(.debug_pubnames)
 .debug_pubnames
                0x00000000       0x25 obj/default/main.o
 .debug_pubnames
                0x00000025       0x2b /opt/altera/13.0sp1/nios2eds/bin/gnu/H-i686-pc-linux-gnu/bin/../lib/gcc/nios2-elf/4.1.2/../../../../nios2-elf/lib/mno-hw-mul/libsmallc.a(lib_a-printf.o)
 .debug_pubnames
                0x00000050       0x45 /opt/altera/13.0sp1/nios2eds/bin/gnu/H-i686-pc-linux-gnu/bin/../lib/gcc/nios2-elf/4.1.2/../../../../nios2-elf/lib/mno-hw-mul/libsmallc.a(lib_a-vfprintf.o)
 .debug_pubnames
                0x00000095       0x2b /opt/altera/13.0sp1/nios2eds/bin/gnu/H-i686-pc-linux-gnu/bin/../lib/gcc/nios2-elf/4.1.2/../../../../nios2-elf/lib/mno-hw-mul/libsmallc.a(lib_a-fvwrite_small_dev.o)
 .debug_pubnames
                0x000000c0       0x39 /opt/altera/13.0sp1/nios2eds/bin/gnu/H-i686-pc-linux-gnu/bin/../lib/gcc/nios2-elf/4.1.2/../../../../nios2-elf/lib/mno-hw-mul/libsmallc.a(lib_a-impure.o)
 .debug_pubnames
                0x000000f9       0x1d /opt/altera/13.0sp1/nios2eds/bin/gnu/H-i686-pc-linux-gnu/bin/../lib/gcc/nios2-elf/4.1.2/../../../../nios2-elf/lib/mno-hw-mul/libsmallc.a(lib_a-strlen.o)
 .debug_pubnames
                0x00000116       0x1f /opt/altera/13.0sp1/nios2eds/bin/gnu/H-i686-pc-linux-gnu/bin/../lib/gcc/nios2-elf/4.1.2/../../../../nios2-elf/lib/mno-hw-mul/libsmallc.a(lib_a-writer.o)
 .debug_pubnames
                0x00000135       0x1c /opt/altera/13.0sp1/nios2eds/bin/gnu/H-i686-pc-linux-gnu/bin/../lib/gcc/nios2-elf/4.1.2/../../../../nios2-elf/lib/mno-hw-mul/libsmallc.a(lib_a-int_errno.o)
 .debug_pubnames
                0x00000151       0x48 /opt/altera/13.0sp1/nios2eds/bin/gnu/H-i686-pc-linux-gnu/bin/../lib/gcc/nios2-elf/4.1.2/mno-hw-mul/libgcc.a(lib2-divmod.o)
 .debug_pubnames
                0x00000199       0x1f /opt/altera/13.0sp1/nios2eds/bin/gnu/H-i686-pc-linux-gnu/bin/../lib/gcc/nios2-elf/4.1.2/mno-hw-mul/libgcc.a(lib2-mul.o)
 .debug_pubnames
                0x000001b8       0x1f ../fibonacci_bsp//libhal_bsp.a(alt_load.o)
 .debug_pubnames
                0x000001d7       0x46 ../fibonacci_bsp//libhal_bsp.a(alt_main.o)
 .debug_pubnames
                0x0000021d       0x1c ../fibonacci_bsp//libhal_bsp.a(alt_write.o)
 .debug_pubnames
                0x00000239       0x42 ../fibonacci_bsp//libhal_bsp.a(alt_sys_init.o)
 .debug_pubnames
                0x0000027b       0x34 ../fibonacci_bsp//libhal_bsp.a(altera_avalon_jtag_uart_write.o)
 .debug_pubnames
                0x000002af       0x2b ../fibonacci_bsp//libhal_bsp.a(alt_dcache_flush_all.o)
 .debug_pubnames
                0x000002da       0x20 ../fibonacci_bsp//libhal_bsp.a(alt_errno.o)
 .debug_pubnames
                0x000002fa       0x2b ../fibonacci_bsp//libhal_bsp.a(alt_icache_flush_all.o)
 .debug_pubnames
                0x00000325       0x31 ../fibonacci_bsp//libhal_bsp.a(altera_nios2_qsys_irq.o)
 .debug_pubnames
                0x00000356       0x27 ../fibonacci_bsp//libhal_bsp.a(alt_icache_flush.o)

.debug_info     0x00000000     0x339c
 *(.debug_info .gnu.linkonce.wi.*)
 .debug_info    0x00000000       0x73 ../fibonacci_bsp//obj/HAL/src/crt0.o
 .debug_info    0x00000073       0xff obj/default/main.o
 .debug_info    0x00000172      0x6c8 /opt/altera/13.0sp1/nios2eds/bin/gnu/H-i686-pc-linux-gnu/bin/../lib/gcc/nios2-elf/4.1.2/../../../../nios2-elf/lib/mno-hw-mul/libsmallc.a(lib_a-printf.o)
 .debug_info    0x0000083a      0x9b6 /opt/altera/13.0sp1/nios2eds/bin/gnu/H-i686-pc-linux-gnu/bin/../lib/gcc/nios2-elf/4.1.2/../../../../nios2-elf/lib/mno-hw-mul/libsmallc.a(lib_a-vfprintf.o)
 .debug_info    0x000011f0      0x68e /opt/altera/13.0sp1/nios2eds/bin/gnu/H-i686-pc-linux-gnu/bin/../lib/gcc/nios2-elf/4.1.2/../../../../nios2-elf/lib/mno-hw-mul/libsmallc.a(lib_a-fvwrite_small_dev.o)
 .debug_info    0x0000187e      0x636 /opt/altera/13.0sp1/nios2eds/bin/gnu/H-i686-pc-linux-gnu/bin/../lib/gcc/nios2-elf/4.1.2/../../../../nios2-elf/lib/mno-hw-mul/libsmallc.a(lib_a-impure.o)
 .debug_info    0x00001eb4       0xc2 /opt/altera/13.0sp1/nios2eds/bin/gnu/H-i686-pc-linux-gnu/bin/../lib/gcc/nios2-elf/4.1.2/../../../../nios2-elf/lib/mno-hw-mul/libsmallc.a(lib_a-strlen.o)
 .debug_info    0x00001f76      0x68c /opt/altera/13.0sp1/nios2eds/bin/gnu/H-i686-pc-linux-gnu/bin/../lib/gcc/nios2-elf/4.1.2/../../../../nios2-elf/lib/mno-hw-mul/libsmallc.a(lib_a-writer.o)
 .debug_info    0x00002602       0x8c /opt/altera/13.0sp1/nios2eds/bin/gnu/H-i686-pc-linux-gnu/bin/../lib/gcc/nios2-elf/4.1.2/../../../../nios2-elf/lib/mno-hw-mul/libsmallc.a(lib_a-int_errno.o)
 .debug_info    0x0000268e      0x21c /opt/altera/13.0sp1/nios2eds/bin/gnu/H-i686-pc-linux-gnu/bin/../lib/gcc/nios2-elf/4.1.2/mno-hw-mul/libgcc.a(lib2-divmod.o)
 .debug_info    0x000028aa       0xf3 /opt/altera/13.0sp1/nios2eds/bin/gnu/H-i686-pc-linux-gnu/bin/../lib/gcc/nios2-elf/4.1.2/mno-hw-mul/libgcc.a(lib2-mul.o)
 .debug_info    0x0000299d      0x12e ../fibonacci_bsp//libhal_bsp.a(alt_load.o)
 .debug_info    0x00002acb      0x125 ../fibonacci_bsp//libhal_bsp.a(alt_main.o)
 .debug_info    0x00002bf0      0x179 ../fibonacci_bsp//libhal_bsp.a(alt_write.o)
 .debug_info    0x00002d69      0x17d ../fibonacci_bsp//libhal_bsp.a(alt_sys_init.o)
 .debug_info    0x00002ee6      0x18f ../fibonacci_bsp//libhal_bsp.a(altera_avalon_jtag_uart_write.o)
 .debug_info    0x00003075       0x8d ../fibonacci_bsp//libhal_bsp.a(alt_dcache_flush_all.o)
 .debug_info    0x00003102       0xab ../fibonacci_bsp//libhal_bsp.a(alt_errno.o)
 .debug_info    0x000031ad       0x8d ../fibonacci_bsp//libhal_bsp.a(alt_icache_flush_all.o)
 .debug_info    0x0000323a       0x8d ../fibonacci_bsp//libhal_bsp.a(altera_nios2_qsys_irq.o)
 .debug_info    0x000032c7       0xd5 ../fibonacci_bsp//libhal_bsp.a(alt_icache_flush.o)

.debug_abbrev   0x00000000     0x106c
 *(.debug_abbrev)
 .debug_abbrev  0x00000000       0x12 ../fibonacci_bsp//obj/HAL/src/crt0.o
 .debug_abbrev  0x00000012       0xb9 obj/default/main.o
 .debug_abbrev  0x000000cb      0x179 /opt/altera/13.0sp1/nios2eds/bin/gnu/H-i686-pc-linux-gnu/bin/../lib/gcc/nios2-elf/4.1.2/../../../../nios2-elf/lib/mno-hw-mul/libsmallc.a(lib_a-printf.o)
 .debug_abbrev  0x00000244      0x263 /opt/altera/13.0sp1/nios2eds/bin/gnu/H-i686-pc-linux-gnu/bin/../lib/gcc/nios2-elf/4.1.2/../../../../nios2-elf/lib/mno-hw-mul/libsmallc.a(lib_a-vfprintf.o)
 .debug_abbrev  0x000004a7      0x179 /opt/altera/13.0sp1/nios2eds/bin/gnu/H-i686-pc-linux-gnu/bin/../lib/gcc/nios2-elf/4.1.2/../../../../nios2-elf/lib/mno-hw-mul/libsmallc.a(lib_a-fvwrite_small_dev.o)
 .debug_abbrev  0x00000620      0x13f /opt/altera/13.0sp1/nios2eds/bin/gnu/H-i686-pc-linux-gnu/bin/../lib/gcc/nios2-elf/4.1.2/../../../../nios2-elf/lib/mno-hw-mul/libsmallc.a(lib_a-impure.o)
 .debug_abbrev  0x0000075f       0x7a /opt/altera/13.0sp1/nios2eds/bin/gnu/H-i686-pc-linux-gnu/bin/../lib/gcc/nios2-elf/4.1.2/../../../../nios2-elf/lib/mno-hw-mul/libsmallc.a(lib_a-strlen.o)
 .debug_abbrev  0x000007d9      0x16c /opt/altera/13.0sp1/nios2eds/bin/gnu/H-i686-pc-linux-gnu/bin/../lib/gcc/nios2-elf/4.1.2/../../../../nios2-elf/lib/mno-hw-mul/libsmallc.a(lib_a-writer.o)
 .debug_abbrev  0x00000945       0x3b /opt/altera/13.0sp1/nios2eds/bin/gnu/H-i686-pc-linux-gnu/bin/../lib/gcc/nios2-elf/4.1.2/../../../../nios2-elf/lib/mno-hw-mul/libsmallc.a(lib_a-int_errno.o)
 .debug_abbrev  0x00000980       0xe0 /opt/altera/13.0sp1/nios2eds/bin/gnu/H-i686-pc-linux-gnu/bin/../lib/gcc/nios2-elf/4.1.2/mno-hw-mul/libgcc.a(lib2-divmod.o)
 .debug_abbrev  0x00000a60       0x7b /opt/altera/13.0sp1/nios2eds/bin/gnu/H-i686-pc-linux-gnu/bin/../lib/gcc/nios2-elf/4.1.2/mno-hw-mul/libgcc.a(lib2-mul.o)
 .debug_abbrev  0x00000adb       0x97 ../fibonacci_bsp//libhal_bsp.a(alt_load.o)
 .debug_abbrev  0x00000b72       0xa6 ../fibonacci_bsp//libhal_bsp.a(alt_main.o)
 .debug_abbrev  0x00000c18       0xdd ../fibonacci_bsp//libhal_bsp.a(alt_write.o)
 .debug_abbrev  0x00000cf5       0xe3 ../fibonacci_bsp//libhal_bsp.a(alt_sys_init.o)
 .debug_abbrev  0x00000dd8       0xf0 ../fibonacci_bsp//libhal_bsp.a(altera_avalon_jtag_uart_write.o)
 .debug_abbrev  0x00000ec8       0x3f ../fibonacci_bsp//libhal_bsp.a(alt_dcache_flush_all.o)
 .debug_abbrev  0x00000f07       0x5e ../fibonacci_bsp//libhal_bsp.a(alt_errno.o)
 .debug_abbrev  0x00000f65       0x3f ../fibonacci_bsp//libhal_bsp.a(alt_icache_flush_all.o)
 .debug_abbrev  0x00000fa4       0x3f ../fibonacci_bsp//libhal_bsp.a(altera_nios2_qsys_irq.o)
 .debug_abbrev  0x00000fe3       0x89 ../fibonacci_bsp//libhal_bsp.a(alt_icache_flush.o)

.debug_line     0x00000000     0x31f7
 *(.debug_line)
 .debug_line    0x00000000       0x6c ../fibonacci_bsp//obj/HAL/src/crt0.o
 .debug_line    0x0000006c      0x20b obj/default/main.o
 .debug_line    0x00000277      0x2be /opt/altera/13.0sp1/nios2eds/bin/gnu/H-i686-pc-linux-gnu/bin/../lib/gcc/nios2-elf/4.1.2/../../../../nios2-elf/lib/mno-hw-mul/libsmallc.a(lib_a-printf.o)
 .debug_line    0x00000535      0x666 /opt/altera/13.0sp1/nios2eds/bin/gnu/H-i686-pc-linux-gnu/bin/../lib/gcc/nios2-elf/4.1.2/../../../../nios2-elf/lib/mno-hw-mul/libsmallc.a(lib_a-vfprintf.o)
 .debug_line    0x00000b9b      0x2a9 /opt/altera/13.0sp1/nios2eds/bin/gnu/H-i686-pc-linux-gnu/bin/../lib/gcc/nios2-elf/4.1.2/../../../../nios2-elf/lib/mno-hw-mul/libsmallc.a(lib_a-fvwrite_small_dev.o)
 .debug_line    0x00000e44      0x230 /opt/altera/13.0sp1/nios2eds/bin/gnu/H-i686-pc-linux-gnu/bin/../lib/gcc/nios2-elf/4.1.2/../../../../nios2-elf/lib/mno-hw-mul/libsmallc.a(lib_a-impure.o)
 .debug_line    0x00001074      0x250 /opt/altera/13.0sp1/nios2eds/bin/gnu/H-i686-pc-linux-gnu/bin/../lib/gcc/nios2-elf/4.1.2/../../../../nios2-elf/lib/mno-hw-mul/libsmallc.a(lib_a-strlen.o)
 .debug_line    0x000012c4      0x29d /opt/altera/13.0sp1/nios2eds/bin/gnu/H-i686-pc-linux-gnu/bin/../lib/gcc/nios2-elf/4.1.2/../../../../nios2-elf/lib/mno-hw-mul/libsmallc.a(lib_a-writer.o)
 .debug_line    0x00001561      0x1e2 /opt/altera/13.0sp1/nios2eds/bin/gnu/H-i686-pc-linux-gnu/bin/../lib/gcc/nios2-elf/4.1.2/../../../../nios2-elf/lib/mno-hw-mul/libsmallc.a(lib_a-int_errno.o)
 .debug_line    0x00001743      0x2c6 /opt/altera/13.0sp1/nios2eds/bin/gnu/H-i686-pc-linux-gnu/bin/../lib/gcc/nios2-elf/4.1.2/mno-hw-mul/libgcc.a(lib2-divmod.o)
 .debug_line    0x00001a09      0x191 /opt/altera/13.0sp1/nios2eds/bin/gnu/H-i686-pc-linux-gnu/bin/../lib/gcc/nios2-elf/4.1.2/mno-hw-mul/libgcc.a(lib2-mul.o)
 .debug_line    0x00001b9a      0x225 ../fibonacci_bsp//libhal_bsp.a(alt_load.o)
 .debug_line    0x00001dbf      0x2d0 ../fibonacci_bsp//libhal_bsp.a(alt_main.o)
 .debug_line    0x0000208f      0x2b9 ../fibonacci_bsp//libhal_bsp.a(alt_write.o)
 .debug_line    0x00002348      0x294 ../fibonacci_bsp//libhal_bsp.a(alt_sys_init.o)
 .debug_line    0x000025dc      0x302 ../fibonacci_bsp//libhal_bsp.a(altera_avalon_jtag_uart_write.o)
 .debug_line    0x000028de      0x1c3 ../fibonacci_bsp//libhal_bsp.a(alt_dcache_flush_all.o)
 .debug_line    0x00002aa1      0x1b8 ../fibonacci_bsp//libhal_bsp.a(alt_errno.o)
 .debug_line    0x00002c59      0x1d3 ../fibonacci_bsp//libhal_bsp.a(alt_icache_flush_all.o)
 .debug_line    0x00002e2c      0x1dc ../fibonacci_bsp//libhal_bsp.a(altera_nios2_qsys_irq.o)
 .debug_line    0x00003008      0x1ef ../fibonacci_bsp//libhal_bsp.a(alt_icache_flush.o)

.debug_frame    0x00000000      0x33c
 *(.debug_frame)
 .debug_frame   0x00000000       0x2c obj/default/main.o
 .debug_frame   0x0000002c       0x40 /opt/altera/13.0sp1/nios2eds/bin/gnu/H-i686-pc-linux-gnu/bin/../lib/gcc/nios2-elf/4.1.2/../../../../nios2-elf/lib/mno-hw-mul/libsmallc.a(lib_a-printf.o)
 .debug_frame   0x0000006c       0x64 /opt/altera/13.0sp1/nios2eds/bin/gnu/H-i686-pc-linux-gnu/bin/../lib/gcc/nios2-elf/4.1.2/../../../../nios2-elf/lib/mno-hw-mul/libsmallc.a(lib_a-vfprintf.o)
 .debug_frame   0x000000d0       0x30 /opt/altera/13.0sp1/nios2eds/bin/gnu/H-i686-pc-linux-gnu/bin/../lib/gcc/nios2-elf/4.1.2/../../../../nios2-elf/lib/mno-hw-mul/libsmallc.a(lib_a-fvwrite_small_dev.o)
 .debug_frame   0x00000100       0x20 /opt/altera/13.0sp1/nios2eds/bin/gnu/H-i686-pc-linux-gnu/bin/../lib/gcc/nios2-elf/4.1.2/../../../../nios2-elf/lib/mno-hw-mul/libsmallc.a(lib_a-strlen.o)
 .debug_frame   0x00000120       0x2c /opt/altera/13.0sp1/nios2eds/bin/gnu/H-i686-pc-linux-gnu/bin/../lib/gcc/nios2-elf/4.1.2/../../../../nios2-elf/lib/mno-hw-mul/libsmallc.a(lib_a-writer.o)
 .debug_frame   0x0000014c       0x70 /opt/altera/13.0sp1/nios2eds/bin/gnu/H-i686-pc-linux-gnu/bin/../lib/gcc/nios2-elf/4.1.2/mno-hw-mul/libgcc.a(lib2-divmod.o)
 .debug_frame   0x000001bc       0x20 /opt/altera/13.0sp1/nios2eds/bin/gnu/H-i686-pc-linux-gnu/bin/../lib/gcc/nios2-elf/4.1.2/mno-hw-mul/libgcc.a(lib2-mul.o)
 .debug_frame   0x000001dc       0x38 ../fibonacci_bsp//libhal_bsp.a(alt_load.o)
 .debug_frame   0x00000214       0x28 ../fibonacci_bsp//libhal_bsp.a(alt_main.o)
 .debug_frame   0x0000023c       0x28 ../fibonacci_bsp//libhal_bsp.a(alt_write.o)
 .debug_frame   0x00000264       0x38 ../fibonacci_bsp//libhal_bsp.a(alt_sys_init.o)
 .debug_frame   0x0000029c       0x20 ../fibonacci_bsp//libhal_bsp.a(altera_avalon_jtag_uart_write.o)
 .debug_frame   0x000002bc       0x20 ../fibonacci_bsp//libhal_bsp.a(alt_dcache_flush_all.o)
 .debug_frame   0x000002dc       0x20 ../fibonacci_bsp//libhal_bsp.a(alt_icache_flush_all.o)
 .debug_frame   0x000002fc       0x20 ../fibonacci_bsp//libhal_bsp.a(altera_nios2_qsys_irq.o)
 .debug_frame   0x0000031c       0x20 ../fibonacci_bsp//libhal_bsp.a(alt_icache_flush.o)

.debug_str      0x00000000      0xd92
 *(.debug_str)
 .debug_str     0x00000000       0xb3 obj/default/main.o
                                 0xf8 (size before relaxing)
 .debug_str     0x000000b3      0x3a8 /opt/altera/13.0sp1/nios2eds/bin/gnu/H-i686-pc-linux-gnu/bin/../lib/gcc/nios2-elf/4.1.2/../../../../nios2-elf/lib/mno-hw-mul/libsmallc.a(lib_a-printf.o)
                                0x46b (size before relaxing)
 .debug_str     0x0000045b      0x162 /opt/altera/13.0sp1/nios2eds/bin/gnu/H-i686-pc-linux-gnu/bin/../lib/gcc/nios2-elf/4.1.2/../../../../nios2-elf/lib/mno-hw-mul/libsmallc.a(lib_a-vfprintf.o)
                                0x5b4 (size before relaxing)
 .debug_str     0x000005bd       0x70 /opt/altera/13.0sp1/nios2eds/bin/gnu/H-i686-pc-linux-gnu/bin/../lib/gcc/nios2-elf/4.1.2/../../../../nios2-elf/lib/mno-hw-mul/libsmallc.a(lib_a-fvwrite_small_dev.o)
                                0x46f (size before relaxing)
 .debug_str     0x0000062d       0xfd /opt/altera/13.0sp1/nios2eds/bin/gnu/H-i686-pc-linux-gnu/bin/../lib/gcc/nios2-elf/4.1.2/../../../../nios2-elf/lib/mno-hw-mul/libsmallc.a(lib_a-impure.o)
                                0x462 (size before relaxing)
 .debug_str     0x0000072a       0xe7 /opt/altera/13.0sp1/nios2eds/bin/gnu/H-i686-pc-linux-gnu/bin/../lib/gcc/nios2-elf/4.1.2/../../../../nios2-elf/lib/mno-hw-mul/libsmallc.a(lib_a-strlen.o)
                                0x189 (size before relaxing)
 .debug_str     0x00000811       0x4f /opt/altera/13.0sp1/nios2eds/bin/gnu/H-i686-pc-linux-gnu/bin/../lib/gcc/nios2-elf/4.1.2/../../../../nios2-elf/lib/mno-hw-mul/libsmallc.a(lib_a-writer.o)
                                0x456 (size before relaxing)
 .debug_str     0x00000860       0x40 /opt/altera/13.0sp1/nios2eds/bin/gnu/H-i686-pc-linux-gnu/bin/../lib/gcc/nios2-elf/4.1.2/../../../../nios2-elf/lib/mno-hw-mul/libsmallc.a(lib_a-int_errno.o)
                                0x17c (size before relaxing)
 .debug_str     0x000008a0      0x110 /opt/altera/13.0sp1/nios2eds/bin/gnu/H-i686-pc-linux-gnu/bin/../lib/gcc/nios2-elf/4.1.2/mno-hw-mul/libgcc.a(lib2-divmod.o)
                                0x1b9 (size before relaxing)
 .debug_str     0x000009b0       0x37 /opt/altera/13.0sp1/nios2eds/bin/gnu/H-i686-pc-linux-gnu/bin/../lib/gcc/nios2-elf/4.1.2/mno-hw-mul/libgcc.a(lib2-mul.o)
                                0x17a (size before relaxing)
 .debug_str     0x000009e7      0x133 ../fibonacci_bsp//libhal_bsp.a(alt_load.o)
                                0x1c8 (size before relaxing)
 .debug_str     0x00000b1a       0x70 ../fibonacci_bsp//libhal_bsp.a(alt_main.o)
                                0x14c (size before relaxing)
 .debug_str     0x00000b8a       0x56 ../fibonacci_bsp//libhal_bsp.a(alt_write.o)
                                0x176 (size before relaxing)
 .debug_str     0x00000be0       0x85 ../fibonacci_bsp//libhal_bsp.a(alt_sys_init.o)
                                0x1bf (size before relaxing)
 .debug_str     0x00000c65       0x4a ../fibonacci_bsp//libhal_bsp.a(altera_avalon_jtag_uart_write.o)
                                0x1c4 (size before relaxing)
 .debug_str     0x00000caf       0x34 ../fibonacci_bsp//libhal_bsp.a(alt_dcache_flush_all.o)
                                0x10b (size before relaxing)
 .debug_str     0x00000ce3       0x14 ../fibonacci_bsp//libhal_bsp.a(alt_errno.o)
                                 0xfb (size before relaxing)
 .debug_str     0x00000cf7       0x34 ../fibonacci_bsp//libhal_bsp.a(alt_icache_flush_all.o)
                                0x10b (size before relaxing)
 .debug_str     0x00000d2b       0x3b ../fibonacci_bsp//libhal_bsp.a(altera_nios2_qsys_irq.o)
                                0x112 (size before relaxing)
 .debug_str     0x00000d66       0x2c ../fibonacci_bsp//libhal_bsp.a(alt_icache_flush.o)
                                0x111 (size before relaxing)

.debug_loc      0x00000000      0xebd
 *(.debug_loc)
 .debug_loc     0x00000000       0x3d obj/default/main.o
 .debug_loc     0x0000003d       0x8d /opt/altera/13.0sp1/nios2eds/bin/gnu/H-i686-pc-linux-gnu/bin/../lib/gcc/nios2-elf/4.1.2/../../../../nios2-elf/lib/mno-hw-mul/libsmallc.a(lib_a-printf.o)
 .debug_loc     0x000000ca      0x878 /opt/altera/13.0sp1/nios2eds/bin/gnu/H-i686-pc-linux-gnu/bin/../lib/gcc/nios2-elf/4.1.2/../../../../nios2-elf/lib/mno-hw-mul/libsmallc.a(lib_a-vfprintf.o)
 .debug_loc     0x00000942      0x162 /opt/altera/13.0sp1/nios2eds/bin/gnu/H-i686-pc-linux-gnu/bin/../lib/gcc/nios2-elf/4.1.2/../../../../nios2-elf/lib/mno-hw-mul/libsmallc.a(lib_a-fvwrite_small_dev.o)
 .debug_loc     0x00000aa4       0x1e /opt/altera/13.0sp1/nios2eds/bin/gnu/H-i686-pc-linux-gnu/bin/../lib/gcc/nios2-elf/4.1.2/../../../../nios2-elf/lib/mno-hw-mul/libsmallc.a(lib_a-strlen.o)
 .debug_loc     0x00000ac2       0x97 /opt/altera/13.0sp1/nios2eds/bin/gnu/H-i686-pc-linux-gnu/bin/../lib/gcc/nios2-elf/4.1.2/../../../../nios2-elf/lib/mno-hw-mul/libsmallc.a(lib_a-writer.o)
 .debug_loc     0x00000b59      0x1d2 /opt/altera/13.0sp1/nios2eds/bin/gnu/H-i686-pc-linux-gnu/bin/../lib/gcc/nios2-elf/4.1.2/mno-hw-mul/libgcc.a(lib2-divmod.o)
 .debug_loc     0x00000d2b       0x4f /opt/altera/13.0sp1/nios2eds/bin/gnu/H-i686-pc-linux-gnu/bin/../lib/gcc/nios2-elf/4.1.2/mno-hw-mul/libgcc.a(lib2-mul.o)
 .debug_loc     0x00000d7a       0x1f ../fibonacci_bsp//libhal_bsp.a(alt_load.o)
 .debug_loc     0x00000d99       0x1f ../fibonacci_bsp//libhal_bsp.a(alt_main.o)
 .debug_loc     0x00000db8       0x9a ../fibonacci_bsp//libhal_bsp.a(alt_write.o)
 .debug_loc     0x00000e52       0x32 ../fibonacci_bsp//libhal_bsp.a(alt_sys_init.o)
 .debug_loc     0x00000e84       0x26 ../fibonacci_bsp//libhal_bsp.a(altera_avalon_jtag_uart_write.o)
 .debug_loc     0x00000eaa       0x13 ../fibonacci_bsp//libhal_bsp.a(alt_icache_flush.o)

.debug_macinfo
 *(.debug_macinfo)

.debug_weaknames
 *(.debug_weaknames)

.debug_funcnames
 *(.debug_funcnames)

.debug_typenames
 *(.debug_typenames)

.debug_varnames
 *(.debug_varnames)

.debug_alt_sim_info
                0x00000000       0x20
 *(.debug_alt_sim_info)
 .debug_alt_sim_info
                0x00000000       0x20 ../fibonacci_bsp//obj/HAL/src/crt0.o
                0x00026800                __alt_data_end = 0x26800
                0x00026800                PROVIDE (__alt_stack_pointer, __alt_data_end)
                0x00024f40                PROVIDE (__alt_stack_limit, __alt_stack_base)
                0x00024f40                PROVIDE (__alt_heap_start, end)
                0x00026800                PROVIDE (__alt_heap_limit, 0x26800)
OUTPUT(fibonacci.elf elf32-littlenios2)

.debug_ranges   0x00000000      0x160
 .debug_ranges  0x00000000       0x20 ../fibonacci_bsp//obj/HAL/src/crt0.o
 .debug_ranges  0x00000020      0x140 /opt/altera/13.0sp1/nios2eds/bin/gnu/H-i686-pc-linux-gnu/bin/../lib/gcc/nios2-elf/4.1.2/../../../../nios2-elf/lib/mno-hw-mul/libsmallc.a(lib_a-vfprintf.o)
